2026-06-21 13:35:03,297 [INFO] Pipeline initialised.
2026-06-21 13:35:03,297 [INFO] Starting pipeline. mode=full, month=2024-01
2026-06-21 13:35:03,298 [INFO] Downloading: https://d37ci6vzurychx.cloudfront.net/trip-data/yellow_tripdata_2024-01.parquet
2026-06-21 13:35:05,735 [ERROR] Pipeline failed: Binder Error: Could not choose a best candidate function for the function call "+(STRING_LITERAL, INTERVAL)". In order to select one, please add explicit type casts.
	Candidate functions:
	+(DATE, INTERVAL) -> TIMESTAMP
	+(TIME, INTERVAL) -> TIME
	+(TIMESTAMP, INTERVAL) -> TIMESTAMP
	+(TIME WITH TIME ZONE, INTERVAL) -> TIME WITH TIME ZONE
	+(TIMESTAMP WITH TIME ZONE, INTERVAL) -> TIMESTAMP WITH TIME ZONE
	+(INTERVAL, INTERVAL) -> INTERVAL


LINE 2:             SELECT
                   ^
2026-06-21 13:37:26,324 [INFO] Pipeline initialised.
2026-06-21 13:37:26,324 [INFO] Starting pipeline. mode=full, month=2024-01
2026-06-21 13:37:26,324 [INFO] Downloading: https://d37ci6vzurychx.cloudfront.net/trip-data/yellow_tripdata_2024-01.parquet
2026-06-21 13:37:26,373 [ERROR] Pipeline failed: Parser Error: syntax error at or near "tpep_pickup_datetime"

LINE 35:                     tpep_pickup_datetime,
                             ^
2026-06-21 13:40:53,010 [INFO] Pipeline initialised.
2026-06-21 13:40:53,010 [INFO] Starting pipeline. mode=full, month=2024-01
2026-06-21 13:40:53,010 [INFO] Downloading: https://d37ci6vzurychx.cloudfront.net/trip-data/yellow_tripdata_2024-01.parquet
2026-06-21 13:40:53,055 [ERROR] Pipeline failed: Parser Error: syntax error at or near "tpep_pickup_datetime"

LINE 35:                     tpep_pickup_datetime,
                             ^
2026-06-21 14:45:21,090 [INFO] Pipeline initialised.
2026-06-21 14:45:21,090 [INFO] Starting pipeline. mode=full, month=2024-01
2026-06-21 14:45:21,090 [INFO] Downloading: https://d37ci6vzurychx.cloudfront.net/trip-data/yellow_tripdata_2024-01.parquet
2026-06-21 14:45:29,912 [INFO] Extracted 2,717,193 rows.
2026-06-21 14:45:29,912 [INFO] Transforming...
2026-06-21 14:45:30,114 [INFO] Transform done. 2,717,193 in, 2,717,193 out.
2026-06-21 14:45:34,310 [ERROR] MySQL connection failed: 2003 (HY000): Can't connect to MySQL server on 'localhost:3306' (10061)
2026-06-21 14:45:34,311 [ERROR] Pipeline failed: 2003 (HY000): Can't connect to MySQL server on 'localhost:3306' (10061)
2026-06-21 14:49:58,462 [INFO] Pipeline initialised.
2026-06-21 14:49:58,462 [INFO] Starting pipeline. mode=full, month=2024-01
2026-06-21 14:49:58,463 [INFO] Downloading: https://d37ci6vzurychx.cloudfront.net/trip-data/yellow_tripdata_2024-01.parquet
2026-06-21 14:50:07,069 [INFO] Extracted 2,717,193 rows.
2026-06-21 14:50:07,069 [INFO] Transforming...
2026-06-21 14:50:07,315 [INFO] Transform done. 2,717,193 in, 2,717,193 out.
2026-06-21 14:50:07,550 [INFO] Connected to MySQL.
2026-06-21 14:50:07,550 [INFO] Creating schema...
2026-06-21 14:50:07,566 [INFO] Schema ready.
2026-06-21 14:50:07,566 [INFO] Full mode: truncating trips table...
2026-06-21 14:50:07,693 [INFO] Loading 2,717,193 rows in batches of 10000...
2026-06-21 14:50:08,410 [INFO]   10,000 rows loaded so far...
2026-06-21 14:50:08,855 [INFO]   20,000 rows loaded so far...
2026-06-21 14:50:09,257 [INFO]   30,000 rows loaded so far...
2026-06-21 14:50:09,615 [INFO]   40,000 rows loaded so far...
2026-06-21 14:50:10,052 [INFO]   50,000 rows loaded so far...
2026-06-21 14:50:10,426 [INFO]   60,000 rows loaded so far...
2026-06-21 14:50:10,826 [INFO]   70,000 rows loaded so far...
2026-06-21 14:50:11,307 [INFO]   80,000 rows loaded so far...
2026-06-21 14:50:11,674 [INFO]   90,000 rows loaded so far...
2026-06-21 14:50:12,127 [INFO]   100,000 rows loaded so far...
2026-06-21 14:50:12,509 [INFO]   110,000 rows loaded so far...
2026-06-21 14:50:12,918 [INFO]   120,000 rows loaded so far...
2026-06-21 14:50:13,314 [INFO]   130,000 rows loaded so far...
2026-06-21 14:50:13,700 [INFO]   140,000 rows loaded so far...
2026-06-21 14:50:14,165 [INFO]   150,000 rows loaded so far...
2026-06-21 14:50:14,530 [INFO]   160,000 rows loaded so far...
2026-06-21 14:50:14,915 [INFO]   170,000 rows loaded so far...
2026-06-21 14:50:15,371 [INFO]   180,000 rows loaded so far...
2026-06-21 14:50:15,749 [INFO]   190,000 rows loaded so far...
2026-06-21 14:50:16,248 [INFO]   200,000 rows loaded so far...
2026-06-21 14:50:16,649 [INFO]   210,000 rows loaded so far...
2026-06-21 14:50:17,155 [INFO]   220,000 rows loaded so far...
2026-06-21 14:50:17,567 [INFO]   230,000 rows loaded so far...
2026-06-21 14:50:17,988 [INFO]   240,000 rows loaded so far...
2026-06-21 14:50:18,467 [INFO]   250,000 rows loaded so far...
2026-06-21 14:50:18,830 [INFO]   260,000 rows loaded so far...
2026-06-21 14:50:19,259 [INFO]   270,000 rows loaded so far...
2026-06-21 14:50:19,689 [INFO]   280,000 rows loaded so far...
2026-06-21 14:50:20,235 [INFO]   290,000 rows loaded so far...
2026-06-21 14:50:20,588 [INFO]   300,000 rows loaded so far...
2026-06-21 14:50:20,943 [INFO]   310,000 rows loaded so far...
2026-06-21 14:50:21,381 [INFO]   320,000 rows loaded so far...
2026-06-21 14:50:21,771 [INFO]   330,000 rows loaded so far...
2026-06-21 14:50:22,287 [INFO]   340,000 rows loaded so far...
2026-06-21 14:50:22,732 [INFO]   350,000 rows loaded so far...
2026-06-21 14:50:23,150 [INFO]   360,000 rows loaded so far...
2026-06-21 14:50:23,548 [INFO]   370,000 rows loaded so far...
2026-06-21 14:50:23,906 [INFO]   380,000 rows loaded so far...
2026-06-21 14:50:24,400 [INFO]   390,000 rows loaded so far...
2026-06-21 14:50:24,765 [INFO]   400,000 rows loaded so far...
2026-06-21 14:50:25,255 [INFO]   410,000 rows loaded so far...
2026-06-21 14:50:25,635 [INFO]   420,000 rows loaded so far...
2026-06-21 14:50:26,024 [INFO]   430,000 rows loaded so far...
2026-06-21 14:50:26,770 [INFO]   440,000 rows loaded so far...
2026-06-21 14:50:27,259 [INFO]   450,000 rows loaded so far...
2026-06-21 14:50:27,672 [INFO]   460,000 rows loaded so far...
2026-06-21 14:50:28,061 [INFO]   470,000 rows loaded so far...
2026-06-21 14:50:28,524 [INFO]   480,000 rows loaded so far...
2026-06-21 14:50:29,002 [INFO]   490,000 rows loaded so far...
2026-06-21 14:50:29,406 [INFO]   500,000 rows loaded so far...
2026-06-21 14:50:29,866 [INFO]   510,000 rows loaded so far...
2026-06-21 14:50:30,370 [INFO]   520,000 rows loaded so far...
2026-06-21 14:50:30,860 [INFO]   530,000 rows loaded so far...
2026-06-21 14:50:31,385 [INFO]   540,000 rows loaded so far...
2026-06-21 14:50:31,805 [INFO]   550,000 rows loaded so far...
2026-06-21 14:50:32,366 [INFO]   560,000 rows loaded so far...
2026-06-21 14:50:32,866 [INFO]   570,000 rows loaded so far...
2026-06-21 14:50:33,682 [INFO]   580,000 rows loaded so far...
2026-06-21 14:50:34,177 [INFO]   590,000 rows loaded so far...
2026-06-21 14:50:34,638 [INFO]   600,000 rows loaded so far...
2026-06-21 14:50:35,065 [INFO]   610,000 rows loaded so far...
2026-06-21 14:50:35,533 [INFO]   620,000 rows loaded so far...
2026-06-21 14:50:36,472 [INFO]   630,000 rows loaded so far...
2026-06-21 14:50:36,978 [INFO]   640,000 rows loaded so far...
2026-06-21 14:50:37,395 [INFO]   650,000 rows loaded so far...
2026-06-21 14:50:37,883 [INFO]   660,000 rows loaded so far...
2026-06-21 14:50:38,379 [INFO]   670,000 rows loaded so far...
2026-06-21 14:50:38,878 [INFO]   680,000 rows loaded so far...
2026-06-21 14:50:39,364 [INFO]   690,000 rows loaded so far...
2026-06-21 14:50:39,814 [INFO]   700,000 rows loaded so far...
2026-06-21 14:50:40,310 [INFO]   710,000 rows loaded so far...
2026-06-21 14:50:40,978 [INFO]   720,000 rows loaded so far...
2026-06-21 14:50:41,435 [INFO]   730,000 rows loaded so far...
2026-06-21 14:50:41,862 [INFO]   740,000 rows loaded so far...
2026-06-21 14:50:42,262 [INFO]   750,000 rows loaded so far...
2026-06-21 14:50:42,682 [INFO]   760,000 rows loaded so far...
2026-06-21 14:50:43,142 [INFO]   770,000 rows loaded so far...
2026-06-21 14:50:43,532 [INFO]   780,000 rows loaded so far...
2026-06-21 14:50:44,140 [INFO]   790,000 rows loaded so far...
2026-06-21 14:50:44,529 [INFO]   800,000 rows loaded so far...
2026-06-21 14:50:45,447 [INFO]   810,000 rows loaded so far...
2026-06-21 14:50:46,112 [INFO]   820,000 rows loaded so far...
2026-06-21 14:50:46,526 [INFO]   830,000 rows loaded so far...
2026-06-21 14:50:46,920 [INFO]   840,000 rows loaded so far...
2026-06-21 14:50:47,451 [INFO]   850,000 rows loaded so far...
2026-06-21 14:50:48,041 [INFO]   860,000 rows loaded so far...
2026-06-21 14:50:48,472 [INFO]   870,000 rows loaded so far...
2026-06-21 14:50:48,928 [INFO]   880,000 rows loaded so far...
2026-06-21 14:50:49,590 [INFO]   890,000 rows loaded so far...
2026-06-21 14:50:50,262 [INFO]   900,000 rows loaded so far...
2026-06-21 14:50:51,163 [INFO]   910,000 rows loaded so far...
2026-06-21 14:50:52,395 [INFO]   920,000 rows loaded so far...
2026-06-21 14:50:53,268 [INFO]   930,000 rows loaded so far...
2026-06-21 14:50:54,160 [INFO]   940,000 rows loaded so far...
2026-06-21 14:50:55,138 [INFO]   950,000 rows loaded so far...
2026-06-21 14:50:55,881 [INFO]   960,000 rows loaded so far...
2026-06-21 14:50:56,612 [INFO]   970,000 rows loaded so far...
2026-06-21 14:50:57,420 [INFO]   980,000 rows loaded so far...
2026-06-21 14:50:58,773 [INFO]   990,000 rows loaded so far...
2026-06-21 14:50:59,576 [INFO]   1,000,000 rows loaded so far...
2026-06-21 14:51:00,549 [INFO]   1,010,000 rows loaded so far...
2026-06-21 14:51:01,370 [INFO]   1,020,000 rows loaded so far...
2026-06-21 14:51:02,277 [INFO]   1,030,000 rows loaded so far...
2026-06-21 14:51:03,035 [INFO]   1,040,000 rows loaded so far...
2026-06-21 14:51:03,882 [INFO]   1,050,000 rows loaded so far...
2026-06-21 14:51:04,729 [INFO]   1,060,000 rows loaded so far...
2026-06-21 14:51:05,584 [INFO]   1,070,000 rows loaded so far...
2026-06-21 14:51:06,395 [INFO]   1,080,000 rows loaded so far...
2026-06-21 14:51:07,117 [INFO]   1,090,000 rows loaded so far...
2026-06-21 14:51:08,026 [INFO]   1,100,000 rows loaded so far...
2026-06-21 14:51:08,840 [INFO]   1,110,000 rows loaded so far...
2026-06-21 14:51:09,845 [INFO]   1,120,000 rows loaded so far...
2026-06-21 14:51:10,664 [INFO]   1,130,000 rows loaded so far...
2026-06-21 14:51:11,512 [INFO]   1,140,000 rows loaded so far...
2026-06-21 14:51:12,277 [INFO]   1,150,000 rows loaded so far...
2026-06-21 14:51:13,039 [INFO]   1,160,000 rows loaded so far...
2026-06-21 14:51:13,792 [INFO]   1,170,000 rows loaded so far...
2026-06-21 14:51:14,653 [INFO]   1,180,000 rows loaded so far...
2026-06-21 14:51:15,633 [INFO]   1,190,000 rows loaded so far...
2026-06-21 14:51:16,508 [INFO]   1,200,000 rows loaded so far...
2026-06-21 14:51:17,512 [INFO]   1,210,000 rows loaded so far...
2026-06-21 14:51:18,251 [INFO]   1,220,000 rows loaded so far...
2026-06-21 14:51:19,019 [INFO]   1,230,000 rows loaded so far...
2026-06-21 14:51:20,403 [INFO]   1,240,000 rows loaded so far...
2026-06-21 14:51:21,272 [INFO]   1,250,000 rows loaded so far...
2026-06-21 14:51:22,090 [INFO]   1,260,000 rows loaded so far...
2026-06-21 14:51:23,071 [INFO]   1,270,000 rows loaded so far...
2026-06-21 14:51:23,999 [INFO]   1,280,000 rows loaded so far...
2026-06-21 14:51:24,903 [INFO]   1,290,000 rows loaded so far...
2026-06-21 14:51:25,847 [INFO]   1,300,000 rows loaded so far...
2026-06-21 14:51:26,679 [INFO]   1,310,000 rows loaded so far...
2026-06-21 14:51:27,577 [INFO]   1,320,000 rows loaded so far...
2026-06-21 14:51:28,480 [INFO]   1,330,000 rows loaded so far...
2026-06-21 14:51:29,260 [INFO]   1,340,000 rows loaded so far...
2026-06-21 14:51:30,458 [INFO]   1,350,000 rows loaded so far...
2026-06-21 14:51:31,291 [INFO]   1,360,000 rows loaded so far...
2026-06-21 14:51:31,982 [INFO]   1,370,000 rows loaded so far...
2026-06-21 14:51:32,888 [INFO]   1,380,000 rows loaded so far...
2026-06-21 14:51:33,766 [INFO]   1,390,000 rows loaded so far...
2026-06-21 14:51:34,587 [INFO]   1,400,000 rows loaded so far...
2026-06-21 14:51:35,324 [INFO]   1,410,000 rows loaded so far...
2026-06-21 14:51:36,077 [INFO]   1,420,000 rows loaded so far...
2026-06-21 14:51:36,938 [INFO]   1,430,000 rows loaded so far...
2026-06-21 14:51:38,017 [INFO]   1,440,000 rows loaded so far...
2026-06-21 14:51:39,066 [INFO]   1,450,000 rows loaded so far...
2026-06-21 14:51:39,883 [INFO]   1,460,000 rows loaded so far...
2026-06-21 14:51:40,759 [INFO]   1,470,000 rows loaded so far...
2026-06-21 14:51:41,550 [INFO]   1,480,000 rows loaded so far...
2026-06-21 14:51:42,449 [INFO]   1,490,000 rows loaded so far...
2026-06-21 14:51:43,261 [INFO]   1,500,000 rows loaded so far...
2026-06-21 14:51:44,314 [INFO]   1,510,000 rows loaded so far...
2026-06-21 14:51:45,095 [INFO]   1,520,000 rows loaded so far...
2026-06-21 14:51:45,826 [INFO]   1,530,000 rows loaded so far...
2026-06-21 14:51:46,775 [INFO]   1,540,000 rows loaded so far...
2026-06-21 14:51:47,554 [INFO]   1,550,000 rows loaded so far...
2026-06-21 14:51:48,306 [INFO]   1,560,000 rows loaded so far...
2026-06-21 14:51:49,010 [INFO]   1,570,000 rows loaded so far...
2026-06-21 14:51:49,915 [INFO]   1,580,000 rows loaded so far...
2026-06-21 14:51:50,695 [INFO]   1,590,000 rows loaded so far...
2026-06-21 14:51:51,910 [INFO]   1,600,000 rows loaded so far...
2026-06-21 14:51:52,460 [INFO]   1,610,000 rows loaded so far...
2026-06-21 14:51:53,026 [INFO]   1,620,000 rows loaded so far...
2026-06-21 14:51:53,822 [INFO]   1,630,000 rows loaded so far...
2026-06-21 14:51:54,319 [INFO]   1,640,000 rows loaded so far...
2026-06-21 14:51:54,805 [INFO]   1,650,000 rows loaded so far...
2026-06-21 14:51:55,218 [INFO]   1,660,000 rows loaded so far...
2026-06-21 14:51:55,841 [INFO]   1,670,000 rows loaded so far...
2026-06-21 14:51:56,594 [INFO]   1,680,000 rows loaded so far...
2026-06-21 14:51:57,090 [INFO]   1,690,000 rows loaded so far...
2026-06-21 14:51:57,728 [INFO]   1,700,000 rows loaded so far...
2026-06-21 14:51:58,277 [INFO]   1,710,000 rows loaded so far...
2026-06-21 14:51:58,707 [INFO]   1,720,000 rows loaded so far...
2026-06-21 14:51:59,262 [INFO]   1,730,000 rows loaded so far...
2026-06-21 14:51:59,747 [INFO]   1,740,000 rows loaded so far...
2026-06-21 14:52:00,190 [INFO]   1,750,000 rows loaded so far...
2026-06-21 14:52:00,766 [INFO]   1,760,000 rows loaded so far...
2026-06-21 14:52:01,209 [INFO]   1,770,000 rows loaded so far...
2026-06-21 14:52:01,675 [INFO]   1,780,000 rows loaded so far...
2026-06-21 14:52:02,124 [INFO]   1,790,000 rows loaded so far...
2026-06-21 14:52:02,776 [INFO]   1,800,000 rows loaded so far...
2026-06-21 14:52:03,252 [INFO]   1,810,000 rows loaded so far...
2026-06-21 14:52:03,662 [INFO]   1,820,000 rows loaded so far...
2026-06-21 14:52:04,103 [INFO]   1,830,000 rows loaded so far...
2026-06-21 14:52:04,621 [INFO]   1,840,000 rows loaded so far...
2026-06-21 14:52:05,349 [INFO]   1,850,000 rows loaded so far...
2026-06-21 14:52:05,783 [INFO]   1,860,000 rows loaded so far...
2026-06-21 14:52:06,274 [INFO]   1,870,000 rows loaded so far...
2026-06-21 14:52:06,757 [INFO]   1,880,000 rows loaded so far...
2026-06-21 14:52:07,165 [INFO]   1,890,000 rows loaded so far...
2026-06-21 14:52:07,606 [INFO]   1,900,000 rows loaded so far...
2026-06-21 14:52:08,022 [INFO]   1,910,000 rows loaded so far...
2026-06-21 14:52:08,501 [INFO]   1,920,000 rows loaded so far...
2026-06-21 14:52:09,185 [INFO]   1,930,000 rows loaded so far...
2026-06-21 14:52:09,677 [INFO]   1,940,000 rows loaded so far...
2026-06-21 14:52:10,286 [INFO]   1,950,000 rows loaded so far...
2026-06-21 14:52:10,789 [INFO]   1,960,000 rows loaded so far...
2026-06-21 14:52:11,261 [INFO]   1,970,000 rows loaded so far...
2026-06-21 14:52:11,686 [INFO]   1,980,000 rows loaded so far...
2026-06-21 14:52:12,245 [INFO]   1,990,000 rows loaded so far...
2026-06-21 14:52:12,791 [INFO]   2,000,000 rows loaded so far...
2026-06-21 14:52:13,313 [INFO]   2,010,000 rows loaded so far...
2026-06-21 14:52:13,770 [INFO]   2,020,000 rows loaded so far...
2026-06-21 14:52:14,337 [INFO]   2,030,000 rows loaded so far...
2026-06-21 14:52:14,811 [INFO]   2,040,000 rows loaded so far...
2026-06-21 14:52:15,275 [INFO]   2,050,000 rows loaded so far...
2026-06-21 14:52:15,777 [INFO]   2,060,000 rows loaded so far...
2026-06-21 14:52:16,337 [INFO]   2,070,000 rows loaded so far...
2026-06-21 14:52:16,758 [INFO]   2,080,000 rows loaded so far...
2026-06-21 14:52:17,208 [INFO]   2,090,000 rows loaded so far...
2026-06-21 14:52:17,701 [INFO]   2,100,000 rows loaded so far...
2026-06-21 14:52:18,230 [INFO]   2,110,000 rows loaded so far...
2026-06-21 14:52:18,720 [INFO]   2,120,000 rows loaded so far...
2026-06-21 14:52:19,175 [INFO]   2,130,000 rows loaded so far...
2026-06-21 14:52:19,618 [INFO]   2,140,000 rows loaded so far...
2026-06-21 14:52:20,356 [INFO]   2,150,000 rows loaded so far...
2026-06-21 14:52:20,884 [INFO]   2,160,000 rows loaded so far...
2026-06-21 14:52:21,370 [INFO]   2,170,000 rows loaded so far...
2026-06-21 14:52:21,820 [INFO]   2,180,000 rows loaded so far...
2026-06-21 14:52:22,238 [INFO]   2,190,000 rows loaded so far...
2026-06-21 14:52:22,775 [INFO]   2,200,000 rows loaded so far...
2026-06-21 14:52:23,248 [INFO]   2,210,000 rows loaded so far...
2026-06-21 14:52:23,832 [INFO]   2,220,000 rows loaded so far...
2026-06-21 14:52:24,402 [INFO]   2,230,000 rows loaded so far...
2026-06-21 14:52:25,073 [INFO]   2,240,000 rows loaded so far...
2026-06-21 14:52:25,650 [INFO]   2,250,000 rows loaded so far...
2026-06-21 14:52:26,259 [INFO]   2,260,000 rows loaded so far...
2026-06-21 14:52:26,778 [INFO]   2,270,000 rows loaded so far...
2026-06-21 14:52:27,362 [INFO]   2,280,000 rows loaded so far...
2026-06-21 14:52:27,838 [INFO]   2,290,000 rows loaded so far...
2026-06-21 14:52:28,309 [INFO]   2,300,000 rows loaded so far...
2026-06-21 14:52:28,799 [INFO]   2,310,000 rows loaded so far...
2026-06-21 14:52:29,228 [INFO]   2,320,000 rows loaded so far...
2026-06-21 14:52:29,681 [INFO]   2,330,000 rows loaded so far...
2026-06-21 14:52:30,184 [INFO]   2,340,000 rows loaded so far...
2026-06-21 14:52:30,613 [INFO]   2,350,000 rows loaded so far...
2026-06-21 14:52:31,100 [INFO]   2,360,000 rows loaded so far...
2026-06-21 14:52:31,565 [INFO]   2,370,000 rows loaded so far...
2026-06-21 14:52:32,120 [INFO]   2,380,000 rows loaded so far...
2026-06-21 14:52:32,552 [INFO]   2,390,000 rows loaded so far...
2026-06-21 14:52:33,034 [INFO]   2,400,000 rows loaded so far...
2026-06-21 14:52:33,553 [INFO]   2,410,000 rows loaded so far...
2026-06-21 14:52:34,037 [INFO]   2,420,000 rows loaded so far...
2026-06-21 14:52:34,456 [INFO]   2,430,000 rows loaded so far...
2026-06-21 14:52:34,919 [INFO]   2,440,000 rows loaded so far...
2026-06-21 14:52:35,427 [INFO]   2,450,000 rows loaded so far...
2026-06-21 14:52:35,848 [INFO]   2,460,000 rows loaded so far...
2026-06-21 14:52:36,310 [INFO]   2,470,000 rows loaded so far...
2026-06-21 14:52:36,740 [INFO]   2,480,000 rows loaded so far...
2026-06-21 14:52:37,177 [INFO]   2,490,000 rows loaded so far...
2026-06-21 14:52:37,610 [INFO]   2,500,000 rows loaded so far...
2026-06-21 14:52:38,116 [INFO]   2,510,000 rows loaded so far...
2026-06-21 14:52:38,612 [INFO]   2,520,000 rows loaded so far...
2026-06-21 14:52:39,116 [INFO]   2,530,000 rows loaded so far...
2026-06-21 14:52:39,767 [INFO]   2,540,000 rows loaded so far...
2026-06-21 14:52:40,683 [INFO]   2,550,000 rows loaded so far...
2026-06-21 14:52:41,227 [INFO]   2,560,000 rows loaded so far...
2026-06-21 14:52:41,716 [INFO]   2,570,000 rows loaded so far...
2026-06-21 14:52:42,234 [INFO]   2,580,000 rows loaded so far...
2026-06-21 14:52:42,828 [INFO]   2,590,000 rows loaded so far...
2026-06-21 14:52:43,379 [INFO]   2,600,000 rows loaded so far...
2026-06-21 14:52:43,889 [INFO]   2,610,000 rows loaded so far...
2026-06-21 14:52:44,345 [INFO]   2,620,000 rows loaded so far...
2026-06-21 14:52:44,887 [INFO]   2,630,000 rows loaded so far...
2026-06-21 14:52:45,420 [INFO]   2,640,000 rows loaded so far...
2026-06-21 14:52:45,854 [INFO]   2,650,000 rows loaded so far...
2026-06-21 14:52:46,580 [INFO]   2,660,000 rows loaded so far...
2026-06-21 14:52:47,124 [INFO]   2,670,000 rows loaded so far...
2026-06-21 14:52:47,538 [INFO]   2,680,000 rows loaded so far...
2026-06-21 14:52:48,057 [INFO]   2,690,000 rows loaded so far...
2026-06-21 14:52:48,547 [INFO]   2,700,000 rows loaded so far...
2026-06-21 14:52:49,016 [INFO]   2,710,000 rows loaded so far...
2026-06-21 14:52:49,448 [INFO]   2,717,193 rows loaded so far...
2026-06-21 14:52:49,448 [INFO] Load complete. 2,717,193 total rows.
2026-06-21 14:52:49,450 [INFO] Building Tableau views...
2026-06-21 14:52:49,476 [INFO]   View ready: daily_revenue
2026-06-21 14:52:49,484 [INFO]   View ready: hourly_patterns
2026-06-21 14:52:49,499 [INFO]   View ready: zone_summary
2026-06-21 14:52:49,512 [INFO]   View ready: payment_split
2026-06-21 14:52:49,513 [ERROR] Pipeline failed: 1054 (42S22): Unknown column 't.id' in 'field list'
2026-06-21 14:54:42,688 [INFO] Pipeline initialised.
2026-06-21 14:54:42,689 [INFO] Starting pipeline. mode=full, month=2024-01
2026-06-21 14:54:42,689 [INFO] Downloading: https://d37ci6vzurychx.cloudfront.net/trip-data/yellow_tripdata_2024-01.parquet
2026-06-21 14:54:50,960 [INFO] Extracted 2,717,193 rows.
2026-06-21 14:54:50,960 [INFO] Transforming...
2026-06-21 14:54:51,162 [INFO] Transform done. 2,717,193 in, 2,717,193 out.
2026-06-21 14:54:51,279 [INFO] Connected to MySQL.
2026-06-21 14:54:51,279 [INFO] Creating schema...
2026-06-21 14:54:51,304 [INFO] Schema ready.
2026-06-21 14:54:51,305 [INFO] Full mode: truncating trips table...
2026-06-21 14:54:51,540 [INFO] Loading 2,717,193 rows in batches of 10000...
2026-06-21 14:54:52,120 [INFO]   10,000 rows loaded so far...
2026-06-21 14:54:52,557 [INFO]   20,000 rows loaded so far...
2026-06-21 14:54:52,977 [INFO]   30,000 rows loaded so far...
2026-06-21 14:54:53,358 [INFO]   40,000 rows loaded so far...
2026-06-21 14:54:53,796 [INFO]   50,000 rows loaded so far...
2026-06-21 14:54:54,155 [INFO]   60,000 rows loaded so far...
2026-06-21 14:54:54,498 [INFO]   70,000 rows loaded so far...
2026-06-21 14:54:54,980 [INFO]   80,000 rows loaded so far...
2026-06-21 14:54:55,329 [INFO]   90,000 rows loaded so far...
2026-06-21 14:54:55,694 [INFO]   100,000 rows loaded so far...
2026-06-21 14:54:56,076 [INFO]   110,000 rows loaded so far...
2026-06-21 14:54:56,424 [INFO]   120,000 rows loaded so far...
2026-06-21 14:54:57,116 [INFO]   130,000 rows loaded so far...
2026-06-21 14:54:57,661 [INFO]   140,000 rows loaded so far...
2026-06-21 14:54:58,795 [INFO]   150,000 rows loaded so far...
2026-06-21 14:54:59,451 [INFO]   160,000 rows loaded so far...
2026-06-21 14:54:59,962 [INFO]   170,000 rows loaded so far...
2026-06-21 14:55:00,437 [INFO]   180,000 rows loaded so far...
2026-06-21 14:55:00,821 [INFO]   190,000 rows loaded so far...
2026-06-21 14:55:01,368 [INFO]   200,000 rows loaded so far...
2026-06-21 14:55:01,811 [INFO]   210,000 rows loaded so far...
2026-06-21 14:55:02,389 [INFO]   220,000 rows loaded so far...
2026-06-21 14:55:02,874 [INFO]   230,000 rows loaded so far...
2026-06-21 14:55:03,651 [INFO]   240,000 rows loaded so far...
2026-06-21 14:55:04,256 [INFO]   250,000 rows loaded so far...
2026-06-21 14:55:04,698 [INFO]   260,000 rows loaded so far...
2026-06-21 14:55:05,061 [INFO]   270,000 rows loaded so far...
2026-06-21 14:55:05,512 [INFO]   280,000 rows loaded so far...
2026-06-21 14:55:05,945 [INFO]   290,000 rows loaded so far...
2026-06-21 14:55:06,332 [INFO]   300,000 rows loaded so far...
2026-06-21 14:55:06,904 [INFO]   310,000 rows loaded so far...
2026-06-21 14:55:07,384 [INFO]   320,000 rows loaded so far...
2026-06-21 14:55:08,314 [INFO]   330,000 rows loaded so far...
2026-06-21 14:55:09,030 [INFO]   340,000 rows loaded so far...
2026-06-21 14:55:09,595 [INFO]   350,000 rows loaded so far...
2026-06-21 14:55:10,319 [INFO]   360,000 rows loaded so far...
2026-06-21 14:55:11,013 [INFO]   370,000 rows loaded so far...
2026-06-21 14:55:11,833 [INFO]   380,000 rows loaded so far...
2026-06-21 14:55:12,740 [INFO]   390,000 rows loaded so far...
2026-06-21 14:55:13,425 [INFO]   400,000 rows loaded so far...
2026-06-21 14:55:14,339 [INFO]   410,000 rows loaded so far...
2026-06-21 14:55:14,997 [INFO]   420,000 rows loaded so far...
2026-06-21 14:55:15,739 [INFO]   430,000 rows loaded so far...
2026-06-21 14:55:16,395 [INFO]   440,000 rows loaded so far...
2026-06-21 14:55:17,323 [INFO]   450,000 rows loaded so far...
2026-06-21 14:55:18,352 [INFO]   460,000 rows loaded so far...
2026-06-21 14:55:19,167 [INFO]   470,000 rows loaded so far...
2026-06-21 14:55:19,842 [INFO]   480,000 rows loaded so far...
2026-06-21 14:55:20,514 [INFO]   490,000 rows loaded so far...
2026-06-21 14:55:21,345 [INFO]   500,000 rows loaded so far...
2026-06-21 14:55:22,272 [INFO]   510,000 rows loaded so far...
2026-06-21 14:55:22,963 [INFO]   520,000 rows loaded so far...
2026-06-21 14:55:23,623 [INFO]   530,000 rows loaded so far...
2026-06-21 14:55:24,381 [INFO]   540,000 rows loaded so far...
2026-06-21 14:55:25,129 [INFO]   550,000 rows loaded so far...
2026-06-21 14:55:25,874 [INFO]   560,000 rows loaded so far...
2026-06-21 14:55:26,777 [INFO]   570,000 rows loaded so far...
2026-06-21 14:55:27,403 [INFO]   580,000 rows loaded so far...
2026-06-21 14:55:28,083 [INFO]   590,000 rows loaded so far...
2026-06-21 14:55:28,792 [INFO]   600,000 rows loaded so far...
2026-06-21 14:55:29,544 [INFO]   610,000 rows loaded so far...
2026-06-21 14:55:30,633 [INFO]   620,000 rows loaded so far...
2026-06-21 14:55:31,261 [INFO]   630,000 rows loaded so far...
2026-06-21 14:55:31,920 [INFO]   640,000 rows loaded so far...
2026-06-21 14:55:32,521 [INFO]   650,000 rows loaded so far...
2026-06-21 14:55:33,229 [INFO]   660,000 rows loaded so far...
2026-06-21 14:55:33,927 [INFO]   670,000 rows loaded so far...
2026-06-21 14:55:34,631 [INFO]   680,000 rows loaded so far...
2026-06-21 14:55:35,387 [INFO]   690,000 rows loaded so far...
2026-06-21 14:55:35,959 [INFO]   700,000 rows loaded so far...
2026-06-21 14:55:36,832 [INFO]   710,000 rows loaded so far...
2026-06-21 14:55:37,615 [INFO]   720,000 rows loaded so far...
2026-06-21 14:55:38,214 [INFO]   730,000 rows loaded so far...
2026-06-21 14:55:39,032 [INFO]   740,000 rows loaded so far...
2026-06-21 14:55:39,708 [INFO]   750,000 rows loaded so far...
2026-06-21 14:55:40,508 [INFO]   760,000 rows loaded so far...
2026-06-21 14:55:41,287 [INFO]   770,000 rows loaded so far...
2026-06-21 14:55:41,990 [INFO]   780,000 rows loaded so far...
2026-06-21 14:55:42,751 [INFO]   790,000 rows loaded so far...
2026-06-21 14:55:43,596 [INFO]   800,000 rows loaded so far...
2026-06-21 14:55:44,361 [INFO]   810,000 rows loaded so far...
2026-06-21 14:55:45,022 [INFO]   820,000 rows loaded so far...
2026-06-21 14:55:45,914 [INFO]   830,000 rows loaded so far...
2026-06-21 14:55:46,800 [INFO]   840,000 rows loaded so far...
2026-06-21 14:55:48,039 [INFO]   850,000 rows loaded so far...
2026-06-21 14:55:48,858 [INFO]   860,000 rows loaded so far...
2026-06-21 14:55:49,677 [INFO]   870,000 rows loaded so far...
2026-06-21 14:55:50,319 [INFO]   880,000 rows loaded so far...
2026-06-21 14:55:51,100 [INFO]   890,000 rows loaded so far...
2026-06-21 14:55:51,750 [INFO]   900,000 rows loaded so far...
2026-06-21 14:55:52,678 [INFO]   910,000 rows loaded so far...
2026-06-21 14:55:53,484 [INFO]   920,000 rows loaded so far...
2026-06-21 14:55:54,151 [INFO]   930,000 rows loaded so far...
2026-06-21 14:55:54,980 [INFO]   940,000 rows loaded so far...
2026-06-21 14:55:55,792 [INFO]   950,000 rows loaded so far...
2026-06-21 14:55:56,233 [INFO]   960,000 rows loaded so far...
2026-06-21 14:55:56,638 [INFO]   970,000 rows loaded so far...
2026-06-21 14:55:57,106 [INFO]   980,000 rows loaded so far...
2026-06-21 14:55:57,767 [INFO]   990,000 rows loaded so far...
2026-06-21 14:55:58,138 [INFO]   1,000,000 rows loaded so far...
2026-06-21 14:55:58,594 [INFO]   1,010,000 rows loaded so far...
2026-06-21 14:55:59,107 [INFO]   1,020,000 rows loaded so far...
2026-06-21 14:55:59,618 [INFO]   1,030,000 rows loaded so far...
2026-06-21 14:56:00,115 [INFO]   1,040,000 rows loaded so far...
2026-06-21 14:56:00,822 [INFO]   1,050,000 rows loaded so far...
2026-06-21 14:56:01,232 [INFO]   1,060,000 rows loaded so far...
2026-06-21 14:56:01,652 [INFO]   1,070,000 rows loaded so far...
2026-06-21 14:56:02,112 [INFO]   1,080,000 rows loaded so far...
2026-06-21 14:56:02,646 [INFO]   1,090,000 rows loaded so far...
2026-06-21 14:56:03,056 [INFO]   1,100,000 rows loaded so far...
2026-06-21 14:56:03,449 [INFO]   1,110,000 rows loaded so far...
2026-06-21 14:56:03,886 [INFO]   1,120,000 rows loaded so far...
2026-06-21 14:56:04,380 [INFO]   1,130,000 rows loaded so far...
2026-06-21 14:56:04,824 [INFO]   1,140,000 rows loaded so far...
2026-06-21 14:56:05,320 [INFO]   1,150,000 rows loaded so far...
2026-06-21 14:56:05,720 [INFO]   1,160,000 rows loaded so far...
2026-06-21 14:56:06,170 [INFO]   1,170,000 rows loaded so far...
2026-06-21 14:56:06,633 [INFO]   1,180,000 rows loaded so far...
2026-06-21 14:56:07,125 [INFO]   1,190,000 rows loaded so far...
2026-06-21 14:56:07,561 [INFO]   1,200,000 rows loaded so far...
2026-06-21 14:56:08,239 [INFO]   1,210,000 rows loaded so far...
2026-06-21 14:56:08,706 [INFO]   1,220,000 rows loaded so far...
2026-06-21 14:56:09,174 [INFO]   1,230,000 rows loaded so far...
2026-06-21 14:56:09,604 [INFO]   1,240,000 rows loaded so far...
2026-06-21 14:56:09,986 [INFO]   1,250,000 rows loaded so far...
2026-06-21 14:56:10,429 [INFO]   1,260,000 rows loaded so far...
2026-06-21 14:56:10,897 [INFO]   1,270,000 rows loaded so far...
2026-06-21 14:56:11,277 [INFO]   1,280,000 rows loaded so far...
2026-06-21 14:56:11,731 [INFO]   1,290,000 rows loaded so far...
2026-06-21 14:56:12,167 [INFO]   1,300,000 rows loaded so far...
2026-06-21 14:56:12,795 [INFO]   1,310,000 rows loaded so far...
2026-06-21 14:56:13,218 [INFO]   1,320,000 rows loaded so far...
2026-06-21 14:56:13,588 [INFO]   1,330,000 rows loaded so far...
2026-06-21 14:56:14,092 [INFO]   1,340,000 rows loaded so far...
2026-06-21 14:56:14,500 [INFO]   1,350,000 rows loaded so far...
2026-06-21 14:56:14,949 [INFO]   1,360,000 rows loaded so far...
2026-06-21 14:56:15,384 [INFO]   1,370,000 rows loaded so far...
2026-06-21 14:56:15,848 [INFO]   1,380,000 rows loaded so far...
2026-06-21 14:56:16,261 [INFO]   1,390,000 rows loaded so far...
2026-06-21 14:56:17,041 [INFO]   1,400,000 rows loaded so far...
2026-06-21 14:56:17,504 [INFO]   1,410,000 rows loaded so far...
2026-06-21 14:56:17,958 [INFO]   1,420,000 rows loaded so far...
2026-06-21 14:56:18,475 [INFO]   1,430,000 rows loaded so far...
2026-06-21 14:56:19,208 [INFO]   1,440,000 rows loaded so far...
2026-06-21 14:56:20,209 [INFO]   1,450,000 rows loaded so far...
2026-06-21 14:56:20,890 [INFO]   1,460,000 rows loaded so far...
2026-06-21 14:56:21,604 [INFO]   1,470,000 rows loaded so far...
2026-06-21 14:56:22,377 [INFO]   1,480,000 rows loaded so far...
2026-06-21 14:56:23,194 [INFO]   1,490,000 rows loaded so far...
2026-06-21 14:56:23,978 [INFO]   1,500,000 rows loaded so far...
2026-06-21 14:56:24,656 [INFO]   1,510,000 rows loaded so far...
2026-06-21 14:56:25,317 [INFO]   1,520,000 rows loaded so far...
2026-06-21 14:56:26,031 [INFO]   1,530,000 rows loaded so far...
2026-06-21 14:56:27,024 [INFO]   1,540,000 rows loaded so far...
2026-06-21 14:56:27,745 [INFO]   1,550,000 rows loaded so far...
2026-06-21 14:56:28,441 [INFO]   1,560,000 rows loaded so far...
2026-06-21 14:56:29,113 [INFO]   1,570,000 rows loaded so far...
2026-06-21 14:56:29,744 [INFO]   1,580,000 rows loaded so far...
2026-06-21 14:56:30,670 [INFO]   1,590,000 rows loaded so far...
2026-06-21 14:56:31,330 [INFO]   1,600,000 rows loaded so far...
2026-06-21 14:56:31,988 [INFO]   1,610,000 rows loaded so far...
2026-06-21 14:56:32,760 [INFO]   1,620,000 rows loaded so far...
2026-06-21 14:56:33,451 [INFO]   1,630,000 rows loaded so far...
2026-06-21 14:56:34,134 [INFO]   1,640,000 rows loaded so far...
2026-06-21 14:56:34,835 [INFO]   1,650,000 rows loaded so far...
2026-06-21 14:56:35,504 [INFO]   1,660,000 rows loaded so far...
2026-06-21 14:56:36,109 [INFO]   1,670,000 rows loaded so far...
2026-06-21 14:56:36,970 [INFO]   1,680,000 rows loaded so far...
2026-06-21 14:56:37,612 [INFO]   1,690,000 rows loaded so far...
2026-06-21 14:56:38,313 [INFO]   1,700,000 rows loaded so far...
2026-06-21 14:56:38,972 [INFO]   1,710,000 rows loaded so far...
2026-06-21 14:56:39,683 [INFO]   1,720,000 rows loaded so far...
2026-06-21 14:56:40,495 [INFO]   1,730,000 rows loaded so far...
2026-06-21 14:56:41,135 [INFO]   1,740,000 rows loaded so far...
2026-06-21 14:56:41,892 [INFO]   1,750,000 rows loaded so far...
2026-06-21 14:56:42,707 [INFO]   1,760,000 rows loaded so far...
2026-06-21 14:56:43,403 [INFO]   1,770,000 rows loaded so far...
2026-06-21 14:56:44,189 [INFO]   1,780,000 rows loaded so far...
2026-06-21 14:56:44,846 [INFO]   1,790,000 rows loaded so far...
2026-06-21 14:56:45,691 [INFO]   1,800,000 rows loaded so far...
2026-06-21 14:56:46,460 [INFO]   1,810,000 rows loaded so far...
2026-06-21 14:56:47,195 [INFO]   1,820,000 rows loaded so far...
2026-06-21 14:56:47,859 [INFO]   1,830,000 rows loaded so far...
2026-06-21 14:56:48,590 [INFO]   1,840,000 rows loaded so far...
2026-06-21 14:56:49,385 [INFO]   1,850,000 rows loaded so far...
2026-06-21 14:56:50,631 [INFO]   1,860,000 rows loaded so far...
2026-06-21 14:56:51,376 [INFO]   1,870,000 rows loaded so far...
2026-06-21 14:56:52,169 [INFO]   1,880,000 rows loaded so far...
2026-06-21 14:56:52,803 [INFO]   1,890,000 rows loaded so far...
2026-06-21 14:56:53,532 [INFO]   1,900,000 rows loaded so far...
2026-06-21 14:56:54,275 [INFO]   1,910,000 rows loaded so far...
2026-06-21 14:56:55,015 [INFO]   1,920,000 rows loaded so far...
2026-06-21 14:56:55,730 [INFO]   1,930,000 rows loaded so far...
2026-06-21 14:56:56,493 [INFO]   1,940,000 rows loaded so far...
2026-06-21 14:56:57,297 [INFO]   1,950,000 rows loaded so far...
2026-06-21 14:56:58,258 [INFO]   1,960,000 rows loaded so far...
2026-06-21 14:56:58,904 [INFO]   1,970,000 rows loaded so far...
2026-06-21 14:56:59,594 [INFO]   1,980,000 rows loaded so far...
2026-06-21 14:57:00,372 [INFO]   1,990,000 rows loaded so far...
2026-06-21 14:57:01,008 [INFO]   2,000,000 rows loaded so far...
2026-06-21 14:57:01,738 [INFO]   2,010,000 rows loaded so far...
2026-06-21 14:57:02,379 [INFO]   2,020,000 rows loaded so far...
2026-06-21 14:57:03,141 [INFO]   2,030,000 rows loaded so far...
2026-06-21 14:57:03,998 [INFO]   2,040,000 rows loaded so far...
2026-06-21 14:57:04,706 [INFO]   2,050,000 rows loaded so far...
2026-06-21 14:57:05,566 [INFO]   2,060,000 rows loaded so far...
2026-06-21 14:57:06,248 [INFO]   2,070,000 rows loaded so far...
2026-06-21 14:57:06,948 [INFO]   2,080,000 rows loaded so far...
2026-06-21 14:57:07,726 [INFO]   2,090,000 rows loaded so far...
2026-06-21 14:57:08,485 [INFO]   2,100,000 rows loaded so far...
2026-06-21 14:57:09,283 [INFO]   2,110,000 rows loaded so far...
2026-06-21 14:57:09,967 [INFO]   2,120,000 rows loaded so far...
2026-06-21 14:57:10,727 [INFO]   2,130,000 rows loaded so far...
2026-06-21 14:57:11,390 [INFO]   2,140,000 rows loaded so far...
2026-06-21 14:57:12,042 [INFO]   2,150,000 rows loaded so far...
2026-06-21 14:57:12,533 [INFO]   2,160,000 rows loaded so far...
2026-06-21 14:57:13,038 [INFO]   2,170,000 rows loaded so far...
2026-06-21 14:57:13,417 [INFO]   2,180,000 rows loaded so far...
2026-06-21 14:57:13,835 [INFO]   2,190,000 rows loaded so far...
2026-06-21 14:57:14,313 [INFO]   2,200,000 rows loaded so far...
2026-06-21 14:57:14,721 [INFO]   2,210,000 rows loaded so far...
2026-06-21 14:57:15,174 [INFO]   2,220,000 rows loaded so far...
2026-06-21 14:57:15,557 [INFO]   2,230,000 rows loaded so far...
2026-06-21 14:57:15,950 [INFO]   2,240,000 rows loaded so far...
2026-06-21 14:57:16,558 [INFO]   2,250,000 rows loaded so far...
2026-06-21 14:57:17,015 [INFO]   2,260,000 rows loaded so far...
2026-06-21 14:57:17,435 [INFO]   2,270,000 rows loaded so far...
2026-06-21 14:57:17,831 [INFO]   2,280,000 rows loaded so far...
2026-06-21 14:57:18,258 [INFO]   2,290,000 rows loaded so far...
2026-06-21 14:57:18,752 [INFO]   2,300,000 rows loaded so far...
2026-06-21 14:57:19,204 [INFO]   2,310,000 rows loaded so far...
2026-06-21 14:57:19,610 [INFO]   2,320,000 rows loaded so far...
2026-06-21 14:57:20,002 [INFO]   2,330,000 rows loaded so far...
2026-06-21 14:57:20,414 [INFO]   2,340,000 rows loaded so far...
2026-06-21 14:57:20,957 [INFO]   2,350,000 rows loaded so far...
2026-06-21 14:57:21,485 [INFO]   2,360,000 rows loaded so far...
2026-06-21 14:57:21,907 [INFO]   2,370,000 rows loaded so far...
2026-06-21 14:57:22,417 [INFO]   2,380,000 rows loaded so far...
2026-06-21 14:57:22,828 [INFO]   2,390,000 rows loaded so far...
2026-06-21 14:57:23,229 [INFO]   2,400,000 rows loaded so far...
2026-06-21 14:57:23,641 [INFO]   2,410,000 rows loaded so far...
2026-06-21 14:57:24,173 [INFO]   2,420,000 rows loaded so far...
2026-06-21 14:57:24,652 [INFO]   2,430,000 rows loaded so far...
2026-06-21 14:57:25,180 [INFO]   2,440,000 rows loaded so far...
2026-06-21 14:57:25,596 [INFO]   2,450,000 rows loaded so far...
2026-06-21 14:57:26,012 [INFO]   2,460,000 rows loaded so far...
2026-06-21 14:57:26,419 [INFO]   2,470,000 rows loaded so far...
2026-06-21 14:57:26,884 [INFO]   2,480,000 rows loaded so far...
2026-06-21 14:57:27,413 [INFO]   2,490,000 rows loaded so far...
2026-06-21 14:57:27,803 [INFO]   2,500,000 rows loaded so far...
2026-06-21 14:57:28,186 [INFO]   2,510,000 rows loaded so far...
2026-06-21 14:57:28,604 [INFO]   2,520,000 rows loaded so far...
2026-06-21 14:57:29,026 [INFO]   2,530,000 rows loaded so far...
2026-06-21 14:57:29,458 [INFO]   2,540,000 rows loaded so far...
2026-06-21 14:57:29,883 [INFO]   2,550,000 rows loaded so far...
2026-06-21 14:57:30,258 [INFO]   2,560,000 rows loaded so far...
2026-06-21 14:57:30,637 [INFO]   2,570,000 rows loaded so far...
2026-06-21 14:57:31,030 [INFO]   2,580,000 rows loaded so far...
2026-06-21 14:57:31,544 [INFO]   2,590,000 rows loaded so far...
2026-06-21 14:57:31,949 [INFO]   2,600,000 rows loaded so far...
2026-06-21 14:57:32,319 [INFO]   2,610,000 rows loaded so far...
2026-06-21 14:57:32,963 [INFO]   2,620,000 rows loaded so far...
2026-06-21 14:57:33,358 [INFO]   2,630,000 rows loaded so far...
2026-06-21 14:57:33,784 [INFO]   2,640,000 rows loaded so far...
2026-06-21 14:57:34,153 [INFO]   2,650,000 rows loaded so far...
2026-06-21 14:57:34,577 [INFO]   2,660,000 rows loaded so far...
2026-06-21 14:57:35,016 [INFO]   2,670,000 rows loaded so far...
2026-06-21 14:57:35,660 [INFO]   2,680,000 rows loaded so far...
2026-06-21 14:57:36,092 [INFO]   2,690,000 rows loaded so far...
2026-06-21 14:57:36,497 [INFO]   2,700,000 rows loaded so far...
2026-06-21 14:57:37,024 [INFO]   2,710,000 rows loaded so far...
2026-06-21 14:57:37,495 [INFO]   2,717,193 rows loaded so far...
2026-06-21 14:57:37,496 [INFO] Load complete. 2,717,193 total rows.
2026-06-21 14:57:37,497 [INFO] Building Tableau views...
2026-06-21 14:57:37,520 [INFO]   View ready: daily_revenue
2026-06-21 14:57:37,535 [INFO]   View ready: hourly_patterns
2026-06-21 14:57:37,549 [INFO]   View ready: zone_summary
2026-06-21 14:57:37,573 [INFO]   View ready: payment_split
2026-06-21 14:57:37,576 [ERROR] Pipeline failed: 1054 (42S22): Unknown column 't.id' in 'field list'
2026-06-21 14:58:19,946 [INFO] Pipeline initialised.
2026-06-21 14:58:19,946 [INFO] Starting pipeline. mode=full, month=2024-01
2026-06-21 14:58:19,946 [INFO] Downloading: https://d37ci6vzurychx.cloudfront.net/trip-data/yellow_tripdata_2024-01.parquet
2026-06-21 14:58:27,877 [INFO] Extracted 2,717,193 rows.
2026-06-21 14:58:27,877 [INFO] Transforming...
2026-06-21 14:58:28,054 [INFO] Transform done. 2,717,193 in, 2,717,193 out.
2026-06-21 14:58:28,198 [INFO] Connected to MySQL.
2026-06-21 14:58:28,198 [INFO] Creating schema...
2026-06-21 14:58:28,402 [INFO] Schema ready.
2026-06-21 14:58:28,404 [INFO] Full mode: truncating trips table...
2026-06-21 14:58:28,659 [INFO] Loading 2,717,193 rows in batches of 10000...
2026-06-21 14:58:29,679 [INFO]   10,000 rows loaded so far...
2026-06-21 14:58:30,003 [INFO]   20,000 rows loaded so far...
2026-06-21 14:58:30,293 [INFO]   30,000 rows loaded so far...
2026-06-21 14:58:30,573 [INFO]   40,000 rows loaded so far...
2026-06-21 14:58:31,108 [INFO]   50,000 rows loaded so far...
2026-06-21 14:58:31,373 [INFO]   60,000 rows loaded so far...
2026-06-21 14:58:31,743 [INFO]   70,000 rows loaded so far...
2026-06-21 14:58:32,129 [INFO]   80,000 rows loaded so far...
2026-06-21 14:58:32,428 [INFO]   90,000 rows loaded so far...
2026-06-21 14:58:32,753 [INFO]   100,000 rows loaded so far...
2026-06-21 14:58:33,070 [INFO]   110,000 rows loaded so far...
2026-06-21 14:58:33,357 [INFO]   120,000 rows loaded so far...
2026-06-21 14:58:33,645 [INFO]   130,000 rows loaded so far...
2026-06-21 14:58:33,945 [INFO]   140,000 rows loaded so far...
2026-06-21 14:58:34,259 [INFO]   150,000 rows loaded so far...
2026-06-21 14:58:34,573 [INFO]   160,000 rows loaded so far...
2026-06-21 14:58:34,893 [INFO]   170,000 rows loaded so far...
2026-06-21 14:58:35,189 [INFO]   180,000 rows loaded so far...
2026-06-21 14:58:35,487 [INFO]   190,000 rows loaded so far...
2026-06-21 14:58:35,770 [INFO]   200,000 rows loaded so far...
2026-06-21 14:58:36,085 [INFO]   210,000 rows loaded so far...
2026-06-21 14:58:36,375 [INFO]   220,000 rows loaded so far...
2026-06-21 14:58:36,646 [INFO]   230,000 rows loaded so far...
2026-06-21 14:58:36,987 [INFO]   240,000 rows loaded so far...
2026-06-21 14:58:37,288 [INFO]   250,000 rows loaded so far...
2026-06-21 14:58:37,567 [INFO]   260,000 rows loaded so far...
2026-06-21 14:58:37,925 [INFO]   270,000 rows loaded so far...
2026-06-21 14:58:38,236 [INFO]   280,000 rows loaded so far...
2026-06-21 14:58:38,558 [INFO]   290,000 rows loaded so far...
2026-06-21 14:58:38,853 [INFO]   300,000 rows loaded so far...
2026-06-21 14:58:39,170 [INFO]   310,000 rows loaded so far...
2026-06-21 14:58:39,483 [INFO]   320,000 rows loaded so far...
2026-06-21 14:58:39,879 [INFO]   330,000 rows loaded so far...
2026-06-21 14:58:40,226 [INFO]   340,000 rows loaded so far...
2026-06-21 14:58:40,513 [INFO]   350,000 rows loaded so far...
2026-06-21 14:58:40,840 [INFO]   360,000 rows loaded so far...
2026-06-21 14:58:41,146 [INFO]   370,000 rows loaded so far...
2026-06-21 14:58:41,453 [INFO]   380,000 rows loaded so far...
2026-06-21 14:58:41,841 [INFO]   390,000 rows loaded so far...
2026-06-21 14:58:42,140 [INFO]   400,000 rows loaded so far...
2026-06-21 14:58:42,452 [INFO]   410,000 rows loaded so far...
2026-06-21 14:58:42,759 [INFO]   420,000 rows loaded so far...
2026-06-21 14:58:43,054 [INFO]   430,000 rows loaded so far...
2026-06-21 14:58:43,505 [INFO]   440,000 rows loaded so far...
2026-06-21 14:58:43,834 [INFO]   450,000 rows loaded so far...
2026-06-21 14:58:44,111 [INFO]   460,000 rows loaded so far...
2026-06-21 14:58:44,412 [INFO]   470,000 rows loaded so far...
2026-06-21 14:58:44,719 [INFO]   480,000 rows loaded so far...
2026-06-21 14:58:45,017 [INFO]   490,000 rows loaded so far...
2026-06-21 14:58:45,296 [INFO]   500,000 rows loaded so far...
2026-06-21 14:58:45,573 [INFO]   510,000 rows loaded so far...
2026-06-21 14:58:45,886 [INFO]   520,000 rows loaded so far...
2026-06-21 14:58:46,166 [INFO]   530,000 rows loaded so far...
2026-06-21 14:58:46,471 [INFO]   540,000 rows loaded so far...
2026-06-21 14:58:46,799 [INFO]   550,000 rows loaded so far...
2026-06-21 14:58:47,089 [INFO]   560,000 rows loaded so far...
2026-06-21 14:58:47,365 [INFO]   570,000 rows loaded so far...
2026-06-21 14:58:47,679 [INFO]   580,000 rows loaded so far...
2026-06-21 14:58:48,036 [INFO]   590,000 rows loaded so far...
2026-06-21 14:58:48,322 [INFO]   600,000 rows loaded so far...
2026-06-21 14:58:48,582 [INFO]   610,000 rows loaded so far...
2026-06-21 14:58:48,869 [INFO]   620,000 rows loaded so far...
2026-06-21 14:58:49,153 [INFO]   630,000 rows loaded so far...
2026-06-21 14:58:49,416 [INFO]   640,000 rows loaded so far...
2026-06-21 14:58:49,744 [INFO]   650,000 rows loaded so far...
2026-06-21 14:58:50,038 [INFO]   660,000 rows loaded so far...
2026-06-21 14:58:50,321 [INFO]   670,000 rows loaded so far...
2026-06-21 14:58:50,594 [INFO]   680,000 rows loaded so far...
2026-06-21 14:58:50,900 [INFO]   690,000 rows loaded so far...
2026-06-21 14:58:51,184 [INFO]   700,000 rows loaded so far...
2026-06-21 14:58:51,464 [INFO]   710,000 rows loaded so far...
2026-06-21 14:58:51,777 [INFO]   720,000 rows loaded so far...
2026-06-21 14:58:52,053 [INFO]   730,000 rows loaded so far...
2026-06-21 14:58:52,361 [INFO]   740,000 rows loaded so far...
2026-06-21 14:58:52,647 [INFO]   750,000 rows loaded so far...
2026-06-21 14:58:52,950 [INFO]   760,000 rows loaded so far...
2026-06-21 14:58:53,267 [INFO]   770,000 rows loaded so far...
2026-06-21 14:58:53,534 [INFO]   780,000 rows loaded so far...
2026-06-21 14:58:53,812 [INFO]   790,000 rows loaded so far...
2026-06-21 14:58:54,152 [INFO]   800,000 rows loaded so far...
2026-06-21 14:58:54,439 [INFO]   810,000 rows loaded so far...
2026-06-21 14:58:54,740 [INFO]   820,000 rows loaded so far...
2026-06-21 14:58:55,020 [INFO]   830,000 rows loaded so far...
2026-06-21 14:58:55,301 [INFO]   840,000 rows loaded so far...
2026-06-21 14:58:55,574 [INFO]   850,000 rows loaded so far...
2026-06-21 14:58:55,865 [INFO]   860,000 rows loaded so far...
2026-06-21 14:58:56,141 [INFO]   870,000 rows loaded so far...
2026-06-21 14:58:56,402 [INFO]   880,000 rows loaded so far...
2026-06-21 14:58:56,668 [INFO]   890,000 rows loaded so far...
2026-06-21 14:58:56,967 [INFO]   900,000 rows loaded so far...
2026-06-21 14:58:57,239 [INFO]   910,000 rows loaded so far...
2026-06-21 14:58:57,535 [INFO]   920,000 rows loaded so far...
2026-06-21 14:58:57,836 [INFO]   930,000 rows loaded so far...
2026-06-21 14:58:58,123 [INFO]   940,000 rows loaded so far...
2026-06-21 14:58:58,419 [INFO]   950,000 rows loaded so far...
2026-06-21 14:58:58,692 [INFO]   960,000 rows loaded so far...
2026-06-21 14:58:58,957 [INFO]   970,000 rows loaded so far...
2026-06-21 14:58:59,228 [INFO]   980,000 rows loaded so far...
2026-06-21 14:58:59,505 [INFO]   990,000 rows loaded so far...
2026-06-21 14:58:59,803 [INFO]   1,000,000 rows loaded so far...
2026-06-21 14:59:00,066 [INFO]   1,010,000 rows loaded so far...
2026-06-21 14:59:00,328 [INFO]   1,020,000 rows loaded so far...
2026-06-21 14:59:00,630 [INFO]   1,030,000 rows loaded so far...
2026-06-21 14:59:00,907 [INFO]   1,040,000 rows loaded so far...
2026-06-21 14:59:01,179 [INFO]   1,050,000 rows loaded so far...
2026-06-21 14:59:01,651 [INFO]   1,060,000 rows loaded so far...
2026-06-21 14:59:01,916 [INFO]   1,070,000 rows loaded so far...
2026-06-21 14:59:02,189 [INFO]   1,080,000 rows loaded so far...
2026-06-21 14:59:02,466 [INFO]   1,090,000 rows loaded so far...
2026-06-21 14:59:02,772 [INFO]   1,100,000 rows loaded so far...
2026-06-21 14:59:03,042 [INFO]   1,110,000 rows loaded so far...
2026-06-21 14:59:03,315 [INFO]   1,120,000 rows loaded so far...
2026-06-21 14:59:03,573 [INFO]   1,130,000 rows loaded so far...
2026-06-21 14:59:03,875 [INFO]   1,140,000 rows loaded so far...
2026-06-21 14:59:04,144 [INFO]   1,150,000 rows loaded so far...
2026-06-21 14:59:04,443 [INFO]   1,160,000 rows loaded so far...
2026-06-21 14:59:04,726 [INFO]   1,170,000 rows loaded so far...
2026-06-21 14:59:05,026 [INFO]   1,180,000 rows loaded so far...
2026-06-21 14:59:05,561 [INFO]   1,190,000 rows loaded so far...
2026-06-21 14:59:06,100 [INFO]   1,200,000 rows loaded so far...
2026-06-21 14:59:06,906 [INFO]   1,210,000 rows loaded so far...
2026-06-21 14:59:07,473 [INFO]   1,220,000 rows loaded so far...
2026-06-21 14:59:08,109 [INFO]   1,230,000 rows loaded so far...
2026-06-21 14:59:08,643 [INFO]   1,240,000 rows loaded so far...
2026-06-21 14:59:09,302 [INFO]   1,250,000 rows loaded so far...
2026-06-21 14:59:09,877 [INFO]   1,260,000 rows loaded so far...
2026-06-21 14:59:10,918 [INFO]   1,270,000 rows loaded so far...
2026-06-21 14:59:11,643 [INFO]   1,280,000 rows loaded so far...
2026-06-21 14:59:12,223 [INFO]   1,290,000 rows loaded so far...
2026-06-21 14:59:12,711 [INFO]   1,300,000 rows loaded so far...
2026-06-21 14:59:13,280 [INFO]   1,310,000 rows loaded so far...
2026-06-21 14:59:13,778 [INFO]   1,320,000 rows loaded so far...
2026-06-21 14:59:14,347 [INFO]   1,330,000 rows loaded so far...
2026-06-21 14:59:14,848 [INFO]   1,340,000 rows loaded so far...
2026-06-21 14:59:15,386 [INFO]   1,350,000 rows loaded so far...
2026-06-21 14:59:15,920 [INFO]   1,360,000 rows loaded so far...
2026-06-21 14:59:16,442 [INFO]   1,370,000 rows loaded so far...
2026-06-21 14:59:17,250 [INFO]   1,380,000 rows loaded so far...
2026-06-21 14:59:17,765 [INFO]   1,390,000 rows loaded so far...
2026-06-21 14:59:18,316 [INFO]   1,400,000 rows loaded so far...
2026-06-21 14:59:18,979 [INFO]   1,410,000 rows loaded so far...
2026-06-21 14:59:19,621 [INFO]   1,420,000 rows loaded so far...
2026-06-21 14:59:20,434 [INFO]   1,430,000 rows loaded so far...
2026-06-21 14:59:20,952 [INFO]   1,440,000 rows loaded so far...
2026-06-21 14:59:21,603 [INFO]   1,450,000 rows loaded so far...
2026-06-21 14:59:22,323 [INFO]   1,460,000 rows loaded so far...
2026-06-21 14:59:22,912 [INFO]   1,470,000 rows loaded so far...
2026-06-21 14:59:23,415 [INFO]   1,480,000 rows loaded so far...
2026-06-21 14:59:23,944 [INFO]   1,490,000 rows loaded so far...
2026-06-21 14:59:24,530 [INFO]   1,500,000 rows loaded so far...
2026-06-21 14:59:25,842 [INFO]   1,510,000 rows loaded so far...
2026-06-21 14:59:26,487 [INFO]   1,520,000 rows loaded so far...
2026-06-21 14:59:27,098 [INFO]   1,530,000 rows loaded so far...
2026-06-21 14:59:27,760 [INFO]   1,540,000 rows loaded so far...
2026-06-21 14:59:28,383 [INFO]   1,550,000 rows loaded so far...
2026-06-21 14:59:28,942 [INFO]   1,560,000 rows loaded so far...
2026-06-21 14:59:29,588 [INFO]   1,570,000 rows loaded so far...
2026-06-21 14:59:30,107 [INFO]   1,580,000 rows loaded so far...
2026-06-21 14:59:30,658 [INFO]   1,590,000 rows loaded so far...
2026-06-21 14:59:31,194 [INFO]   1,600,000 rows loaded so far...
2026-06-21 14:59:31,703 [INFO]   1,610,000 rows loaded so far...
2026-06-21 14:59:32,226 [INFO]   1,620,000 rows loaded so far...
2026-06-21 14:59:32,736 [INFO]   1,630,000 rows loaded so far...
2026-06-21 14:59:33,371 [INFO]   1,640,000 rows loaded so far...
2026-06-21 14:59:34,015 [INFO]   1,650,000 rows loaded so far...
2026-06-21 14:59:34,738 [INFO]   1,660,000 rows loaded so far...
2026-06-21 14:59:35,399 [INFO]   1,670,000 rows loaded so far...
2026-06-21 14:59:35,970 [INFO]   1,680,000 rows loaded so far...
2026-06-21 14:59:36,577 [INFO]   1,690,000 rows loaded so far...
2026-06-21 14:59:37,266 [INFO]   1,700,000 rows loaded so far...
2026-06-21 14:59:37,804 [INFO]   1,710,000 rows loaded so far...
2026-06-21 14:59:38,353 [INFO]   1,720,000 rows loaded so far...
2026-06-21 14:59:38,925 [INFO]   1,730,000 rows loaded so far...
2026-06-21 14:59:39,442 [INFO]   1,740,000 rows loaded so far...
2026-06-21 14:59:39,977 [INFO]   1,750,000 rows loaded so far...
2026-06-21 14:59:40,545 [INFO]   1,760,000 rows loaded so far...
2026-06-21 14:59:41,021 [INFO]   1,770,000 rows loaded so far...
2026-06-21 14:59:41,528 [INFO]   1,780,000 rows loaded so far...
2026-06-21 14:59:42,102 [INFO]   1,790,000 rows loaded so far...
2026-06-21 14:59:42,663 [INFO]   1,800,000 rows loaded so far...
2026-06-21 14:59:43,290 [INFO]   1,810,000 rows loaded so far...
2026-06-21 14:59:43,795 [INFO]   1,820,000 rows loaded so far...
2026-06-21 14:59:44,263 [INFO]   1,830,000 rows loaded so far...
2026-06-21 14:59:44,754 [INFO]   1,840,000 rows loaded so far...
2026-06-21 14:59:45,273 [INFO]   1,850,000 rows loaded so far...
2026-06-21 14:59:45,806 [INFO]   1,860,000 rows loaded so far...
2026-06-21 14:59:46,288 [INFO]   1,870,000 rows loaded so far...
2026-06-21 14:59:46,844 [INFO]   1,880,000 rows loaded so far...
2026-06-21 14:59:47,386 [INFO]   1,890,000 rows loaded so far...
2026-06-21 14:59:47,927 [INFO]   1,900,000 rows loaded so far...
2026-06-21 14:59:48,447 [INFO]   1,910,000 rows loaded so far...
2026-06-21 14:59:49,005 [INFO]   1,920,000 rows loaded so far...
2026-06-21 14:59:49,548 [INFO]   1,930,000 rows loaded so far...
2026-06-21 14:59:50,101 [INFO]   1,940,000 rows loaded so far...
2026-06-21 14:59:50,749 [INFO]   1,950,000 rows loaded so far...
2026-06-21 14:59:51,306 [INFO]   1,960,000 rows loaded so far...
2026-06-21 14:59:51,795 [INFO]   1,970,000 rows loaded so far...
2026-06-21 14:59:52,376 [INFO]   1,980,000 rows loaded so far...
2026-06-21 14:59:52,904 [INFO]   1,990,000 rows loaded so far...
2026-06-21 14:59:53,386 [INFO]   2,000,000 rows loaded so far...
2026-06-21 14:59:53,897 [INFO]   2,010,000 rows loaded so far...
2026-06-21 14:59:54,254 [INFO]   2,020,000 rows loaded so far...
2026-06-21 14:59:54,566 [INFO]   2,030,000 rows loaded so far...
2026-06-21 14:59:54,882 [INFO]   2,040,000 rows loaded so far...
2026-06-21 14:59:55,195 [INFO]   2,050,000 rows loaded so far...
2026-06-21 14:59:55,492 [INFO]   2,060,000 rows loaded so far...
2026-06-21 14:59:55,827 [INFO]   2,070,000 rows loaded so far...
2026-06-21 14:59:56,145 [INFO]   2,080,000 rows loaded so far...
2026-06-21 14:59:56,589 [INFO]   2,090,000 rows loaded so far...
2026-06-21 14:59:56,996 [INFO]   2,100,000 rows loaded so far...
2026-06-21 14:59:57,328 [INFO]   2,110,000 rows loaded so far...
2026-06-21 14:59:57,691 [INFO]   2,120,000 rows loaded so far...
2026-06-21 14:59:58,021 [INFO]   2,130,000 rows loaded so far...
2026-06-21 14:59:58,332 [INFO]   2,140,000 rows loaded so far...
2026-06-21 14:59:59,095 [INFO]   2,150,000 rows loaded so far...
2026-06-21 14:59:59,428 [INFO]   2,160,000 rows loaded so far...
2026-06-21 14:59:59,732 [INFO]   2,170,000 rows loaded so far...
2026-06-21 15:00:00,042 [INFO]   2,180,000 rows loaded so far...
2026-06-21 15:00:00,408 [INFO]   2,190,000 rows loaded so far...
2026-06-21 15:00:00,757 [INFO]   2,200,000 rows loaded so far...
2026-06-21 15:00:01,045 [INFO]   2,210,000 rows loaded so far...
2026-06-21 15:00:01,390 [INFO]   2,220,000 rows loaded so far...
2026-06-21 15:00:01,723 [INFO]   2,230,000 rows loaded so far...
2026-06-21 15:00:02,029 [INFO]   2,240,000 rows loaded so far...
2026-06-21 15:00:02,349 [INFO]   2,250,000 rows loaded so far...
2026-06-21 15:00:02,651 [INFO]   2,260,000 rows loaded so far...
2026-06-21 15:00:02,939 [INFO]   2,270,000 rows loaded so far...
2026-06-21 15:00:03,215 [INFO]   2,280,000 rows loaded so far...
2026-06-21 15:00:03,489 [INFO]   2,290,000 rows loaded so far...
2026-06-21 15:00:03,840 [INFO]   2,300,000 rows loaded so far...
2026-06-21 15:00:04,125 [INFO]   2,310,000 rows loaded so far...
2026-06-21 15:00:04,426 [INFO]   2,320,000 rows loaded so far...
2026-06-21 15:00:04,735 [INFO]   2,330,000 rows loaded so far...
2026-06-21 15:00:05,020 [INFO]   2,340,000 rows loaded so far...
2026-06-21 15:00:05,315 [INFO]   2,350,000 rows loaded so far...
2026-06-21 15:00:05,595 [INFO]   2,360,000 rows loaded so far...
2026-06-21 15:00:05,916 [INFO]   2,370,000 rows loaded so far...
2026-06-21 15:00:06,261 [INFO]   2,380,000 rows loaded so far...
2026-06-21 15:00:06,587 [INFO]   2,390,000 rows loaded so far...
2026-06-21 15:00:06,896 [INFO]   2,400,000 rows loaded so far...
2026-06-21 15:00:07,240 [INFO]   2,410,000 rows loaded so far...
2026-06-21 15:00:07,577 [INFO]   2,420,000 rows loaded so far...
2026-06-21 15:00:07,887 [INFO]   2,430,000 rows loaded so far...
2026-06-21 15:00:08,179 [INFO]   2,440,000 rows loaded so far...
2026-06-21 15:00:08,477 [INFO]   2,450,000 rows loaded so far...
2026-06-21 15:00:08,795 [INFO]   2,460,000 rows loaded so far...
2026-06-21 15:00:09,107 [INFO]   2,470,000 rows loaded so far...
2026-06-21 15:00:09,447 [INFO]   2,480,000 rows loaded so far...
2026-06-21 15:00:09,751 [INFO]   2,490,000 rows loaded so far...
2026-06-21 15:00:10,061 [INFO]   2,500,000 rows loaded so far...
2026-06-21 15:00:10,385 [INFO]   2,510,000 rows loaded so far...
2026-06-21 15:00:10,731 [INFO]   2,520,000 rows loaded so far...
2026-06-21 15:00:11,047 [INFO]   2,530,000 rows loaded so far...
2026-06-21 15:00:11,345 [INFO]   2,540,000 rows loaded so far...
2026-06-21 15:00:11,632 [INFO]   2,550,000 rows loaded so far...
2026-06-21 15:00:11,947 [INFO]   2,560,000 rows loaded so far...
2026-06-21 15:00:12,576 [INFO]   2,570,000 rows loaded so far...
2026-06-21 15:00:12,908 [INFO]   2,580,000 rows loaded so far...
2026-06-21 15:00:13,405 [INFO]   2,590,000 rows loaded so far...
2026-06-21 15:00:13,803 [INFO]   2,600,000 rows loaded so far...
2026-06-21 15:00:14,190 [INFO]   2,610,000 rows loaded so far...
2026-06-21 15:00:14,532 [INFO]   2,620,000 rows loaded so far...
2026-06-21 15:00:14,874 [INFO]   2,630,000 rows loaded so far...
2026-06-21 15:00:15,429 [INFO]   2,640,000 rows loaded so far...
2026-06-21 15:00:15,746 [INFO]   2,650,000 rows loaded so far...
2026-06-21 15:00:16,155 [INFO]   2,660,000 rows loaded so far...
2026-06-21 15:00:16,512 [INFO]   2,670,000 rows loaded so far...
2026-06-21 15:00:16,850 [INFO]   2,680,000 rows loaded so far...
2026-06-21 15:00:17,245 [INFO]   2,690,000 rows loaded so far...
2026-06-21 15:00:17,549 [INFO]   2,700,000 rows loaded so far...
2026-06-21 15:00:17,939 [INFO]   2,710,000 rows loaded so far...
2026-06-21 15:00:18,267 [INFO]   2,717,193 rows loaded so far...
2026-06-21 15:00:18,267 [INFO] Load complete. 2,717,193 total rows.
2026-06-21 15:00:18,271 [INFO] Building Tableau views...
2026-06-21 15:00:18,329 [INFO]   View ready: daily_revenue
2026-06-21 15:00:18,407 [INFO]   View ready: hourly_patterns
2026-06-21 15:00:18,473 [INFO]   View ready: zone_summary
2026-06-21 15:00:18,578 [INFO]   View ready: payment_split
2026-06-21 15:00:18,656 [INFO]   View ready: anomalies
2026-06-21 15:00:18,657 [INFO] All views created.
2026-06-21 15:00:18,658 [INFO] Pipeline finished in 118.7s. MySQL is ready for Tableau.
2026-06-21 15:26:48,739 [INFO] Pipeline initialised.
2026-06-21 15:26:48,740 [INFO] Starting pipeline. mode=full, month=2024-01
2026-06-21 15:26:48,740 [INFO] Downloading: https://d37ci6vzurychx.cloudfront.net/trip-data/yellow_tripdata_2024-01.parquet
2026-06-21 15:26:57,457 [INFO] Extracted 2,717,193 rows.
2026-06-21 15:26:57,457 [INFO] Transforming...
2026-06-21 15:26:57,701 [INFO] Transform done. 2,717,193 in, 2,717,193 out.
2026-06-21 15:26:57,843 [INFO] Connected to MySQL.
2026-06-21 15:26:57,843 [INFO] Creating schema...
2026-06-21 15:26:57,881 [INFO] Schema ready.
2026-06-21 15:26:57,882 [INFO] Full mode: truncating trips table...
2026-06-21 15:26:57,959 [INFO] Loading 2,717,193 rows in batches of 10000...
2026-06-21 15:26:58,694 [INFO]   10,000 rows loaded so far...
2026-06-21 15:26:59,000 [INFO]   20,000 rows loaded so far...
2026-06-21 15:26:59,271 [INFO]   30,000 rows loaded so far...
2026-06-21 15:26:59,576 [INFO]   40,000 rows loaded so far...
2026-06-21 15:26:59,855 [INFO]   50,000 rows loaded so far...
2026-06-21 15:27:00,125 [INFO]   60,000 rows loaded so far...
2026-06-21 15:27:00,412 [INFO]   70,000 rows loaded so far...
2026-06-21 15:27:00,691 [INFO]   80,000 rows loaded so far...
2026-06-21 15:27:01,016 [INFO]   90,000 rows loaded so far...
2026-06-21 15:27:01,282 [INFO]   100,000 rows loaded so far...
2026-06-21 15:27:01,574 [INFO]   110,000 rows loaded so far...
2026-06-21 15:27:01,854 [INFO]   120,000 rows loaded so far...
2026-06-21 15:27:02,163 [INFO]   130,000 rows loaded so far...
2026-06-21 15:27:02,436 [INFO]   140,000 rows loaded so far...
2026-06-21 15:27:02,727 [INFO]   150,000 rows loaded so far...
2026-06-21 15:27:02,982 [INFO]   160,000 rows loaded so far...
2026-06-21 15:27:03,265 [INFO]   170,000 rows loaded so far...
2026-06-21 15:27:03,534 [INFO]   180,000 rows loaded so far...
2026-06-21 15:27:03,814 [INFO]   190,000 rows loaded so far...
2026-06-21 15:27:04,076 [INFO]   200,000 rows loaded so far...
2026-06-21 15:27:04,382 [INFO]   210,000 rows loaded so far...
2026-06-21 15:27:04,664 [INFO]   220,000 rows loaded so far...
2026-06-21 15:27:04,932 [INFO]   230,000 rows loaded so far...
2026-06-21 15:27:05,225 [INFO]   240,000 rows loaded so far...
2026-06-21 15:27:05,492 [INFO]   250,000 rows loaded so far...
2026-06-21 15:27:05,763 [INFO]   260,000 rows loaded so far...
2026-06-21 15:27:06,060 [INFO]   270,000 rows loaded so far...
2026-06-21 15:27:06,388 [INFO]   280,000 rows loaded so far...
2026-06-21 15:27:06,662 [INFO]   290,000 rows loaded so far...
2026-06-21 15:27:06,935 [INFO]   300,000 rows loaded so far...
2026-06-21 15:27:07,222 [INFO]   310,000 rows loaded so far...
2026-06-21 15:27:07,531 [INFO]   320,000 rows loaded so far...
2026-06-21 15:27:07,833 [INFO]   330,000 rows loaded so far...
2026-06-21 15:27:08,100 [INFO]   340,000 rows loaded so far...
2026-06-21 15:27:08,392 [INFO]   350,000 rows loaded so far...
2026-06-21 15:27:08,670 [INFO]   360,000 rows loaded so far...
2026-06-21 15:27:08,962 [INFO]   370,000 rows loaded so far...
2026-06-21 15:27:09,261 [INFO]   380,000 rows loaded so far...
2026-06-21 15:27:09,560 [INFO]   390,000 rows loaded so far...
2026-06-21 15:27:09,827 [INFO]   400,000 rows loaded so far...
2026-06-21 15:27:10,097 [INFO]   410,000 rows loaded so far...
2026-06-21 15:27:10,401 [INFO]   420,000 rows loaded so far...
2026-06-21 15:27:10,667 [INFO]   430,000 rows loaded so far...
2026-06-21 15:27:10,961 [INFO]   440,000 rows loaded so far...
2026-06-21 15:27:11,237 [INFO]   450,000 rows loaded so far...
2026-06-21 15:27:11,532 [INFO]   460,000 rows loaded so far...
2026-06-21 15:27:11,813 [INFO]   470,000 rows loaded so far...
2026-06-21 15:27:12,098 [INFO]   480,000 rows loaded so far...
2026-06-21 15:27:12,396 [INFO]   490,000 rows loaded so far...
2026-06-21 15:27:12,701 [INFO]   500,000 rows loaded so far...
2026-06-21 15:27:12,983 [INFO]   510,000 rows loaded so far...
2026-06-21 15:27:13,270 [INFO]   520,000 rows loaded so far...
2026-06-21 15:27:13,564 [INFO]   530,000 rows loaded so far...
2026-06-21 15:27:13,856 [INFO]   540,000 rows loaded so far...
2026-06-21 15:27:14,165 [INFO]   550,000 rows loaded so far...
2026-06-21 15:27:14,457 [INFO]   560,000 rows loaded so far...
2026-06-21 15:27:14,738 [INFO]   570,000 rows loaded so far...
2026-06-21 15:27:15,038 [INFO]   580,000 rows loaded so far...
2026-06-21 15:27:15,349 [INFO]   590,000 rows loaded so far...
2026-06-21 15:27:15,652 [INFO]   600,000 rows loaded so far...
2026-06-21 15:27:15,924 [INFO]   610,000 rows loaded so far...
2026-06-21 15:27:16,478 [INFO]   620,000 rows loaded so far...
2026-06-21 15:27:16,779 [INFO]   630,000 rows loaded so far...
2026-06-21 15:27:17,099 [INFO]   640,000 rows loaded so far...
2026-06-21 15:27:17,415 [INFO]   650,000 rows loaded so far...
2026-06-21 15:27:17,744 [INFO]   660,000 rows loaded so far...
2026-06-21 15:27:18,037 [INFO]   670,000 rows loaded so far...
2026-06-21 15:27:18,347 [INFO]   680,000 rows loaded so far...
2026-06-21 15:27:18,656 [INFO]   690,000 rows loaded so far...
2026-06-21 15:27:18,959 [INFO]   700,000 rows loaded so far...
2026-06-21 15:27:19,254 [INFO]   710,000 rows loaded so far...
2026-06-21 15:27:19,556 [INFO]   720,000 rows loaded so far...
2026-06-21 15:27:19,841 [INFO]   730,000 rows loaded so far...
2026-06-21 15:27:20,130 [INFO]   740,000 rows loaded so far...
2026-06-21 15:27:20,403 [INFO]   750,000 rows loaded so far...
2026-06-21 15:27:20,707 [INFO]   760,000 rows loaded so far...
2026-06-21 15:27:21,337 [INFO]   770,000 rows loaded so far...
2026-06-21 15:27:21,653 [INFO]   780,000 rows loaded so far...
2026-06-21 15:27:21,947 [INFO]   790,000 rows loaded so far...
2026-06-21 15:27:22,243 [INFO]   800,000 rows loaded so far...
2026-06-21 15:27:22,520 [INFO]   810,000 rows loaded so far...
2026-06-21 15:27:22,828 [INFO]   820,000 rows loaded so far...
2026-06-21 15:27:23,108 [INFO]   830,000 rows loaded so far...
2026-06-21 15:27:23,519 [INFO]   840,000 rows loaded so far...
2026-06-21 15:27:23,823 [INFO]   850,000 rows loaded so far...
2026-06-21 15:27:24,123 [INFO]   860,000 rows loaded so far...
2026-06-21 15:27:24,476 [INFO]   870,000 rows loaded so far...
2026-06-21 15:27:24,778 [INFO]   880,000 rows loaded so far...
2026-06-21 15:27:25,042 [INFO]   890,000 rows loaded so far...
2026-06-21 15:27:25,363 [INFO]   900,000 rows loaded so far...
2026-06-21 15:27:25,716 [INFO]   910,000 rows loaded so far...
2026-06-21 15:27:26,001 [INFO]   920,000 rows loaded so far...
2026-06-21 15:27:26,293 [INFO]   930,000 rows loaded so far...
2026-06-21 15:27:26,601 [INFO]   940,000 rows loaded so far...
2026-06-21 15:27:26,909 [INFO]   950,000 rows loaded so far...
2026-06-21 15:27:27,203 [INFO]   960,000 rows loaded so far...
2026-06-21 15:27:27,502 [INFO]   970,000 rows loaded so far...
2026-06-21 15:27:27,805 [INFO]   980,000 rows loaded so far...
2026-06-21 15:27:28,076 [INFO]   990,000 rows loaded so far...
2026-06-21 15:27:28,363 [INFO]   1,000,000 rows loaded so far...
2026-06-21 15:27:28,665 [INFO]   1,010,000 rows loaded so far...
2026-06-21 15:27:28,972 [INFO]   1,020,000 rows loaded so far...
2026-06-21 15:27:29,255 [INFO]   1,030,000 rows loaded so far...
2026-06-21 15:27:29,586 [INFO]   1,040,000 rows loaded so far...
2026-06-21 15:27:29,901 [INFO]   1,050,000 rows loaded so far...
2026-06-21 15:27:30,229 [INFO]   1,060,000 rows loaded so far...
2026-06-21 15:27:30,530 [INFO]   1,070,000 rows loaded so far...
2026-06-21 15:27:30,861 [INFO]   1,080,000 rows loaded so far...
2026-06-21 15:27:31,163 [INFO]   1,090,000 rows loaded so far...
2026-06-21 15:27:31,514 [INFO]   1,100,000 rows loaded so far...
2026-06-21 15:27:31,984 [INFO]   1,110,000 rows loaded so far...
2026-06-21 15:27:32,525 [INFO]   1,120,000 rows loaded so far...
2026-06-21 15:27:32,875 [INFO]   1,130,000 rows loaded so far...
2026-06-21 15:27:33,219 [INFO]   1,140,000 rows loaded so far...
2026-06-21 15:27:33,520 [INFO]   1,150,000 rows loaded so far...
2026-06-21 15:27:33,855 [INFO]   1,160,000 rows loaded so far...
2026-06-21 15:27:34,143 [INFO]   1,170,000 rows loaded so far...
2026-06-21 15:27:34,454 [INFO]   1,180,000 rows loaded so far...
2026-06-21 15:27:34,770 [INFO]   1,190,000 rows loaded so far...
2026-06-21 15:27:35,067 [INFO]   1,200,000 rows loaded so far...
2026-06-21 15:27:35,327 [INFO]   1,210,000 rows loaded so far...
2026-06-21 15:27:35,608 [INFO]   1,220,000 rows loaded so far...
2026-06-21 15:27:35,926 [INFO]   1,230,000 rows loaded so far...
2026-06-21 15:27:36,234 [INFO]   1,240,000 rows loaded so far...
2026-06-21 15:27:36,722 [INFO]   1,250,000 rows loaded so far...
2026-06-21 15:27:37,205 [INFO]   1,260,000 rows loaded so far...
2026-06-21 15:27:37,845 [INFO]   1,270,000 rows loaded so far...
2026-06-21 15:27:38,344 [INFO]   1,280,000 rows loaded so far...
2026-06-21 15:27:38,806 [INFO]   1,290,000 rows loaded so far...
2026-06-21 15:27:39,777 [INFO]   1,300,000 rows loaded so far...
2026-06-21 15:27:40,303 [INFO]   1,310,000 rows loaded so far...
2026-06-21 15:27:40,850 [INFO]   1,320,000 rows loaded so far...
2026-06-21 15:27:41,621 [INFO]   1,330,000 rows loaded so far...
2026-06-21 15:27:42,153 [INFO]   1,340,000 rows loaded so far...
2026-06-21 15:27:42,700 [INFO]   1,350,000 rows loaded so far...
2026-06-21 15:27:43,254 [INFO]   1,360,000 rows loaded so far...
2026-06-21 15:27:43,790 [INFO]   1,370,000 rows loaded so far...
2026-06-21 15:27:44,289 [INFO]   1,380,000 rows loaded so far...
2026-06-21 15:27:44,864 [INFO]   1,390,000 rows loaded so far...
2026-06-21 15:27:45,369 [INFO]   1,400,000 rows loaded so far...
2026-06-21 15:27:45,977 [INFO]   1,410,000 rows loaded so far...
2026-06-21 15:27:46,433 [INFO]   1,420,000 rows loaded so far...
2026-06-21 15:27:46,949 [INFO]   1,430,000 rows loaded so far...
2026-06-21 15:27:47,408 [INFO]   1,440,000 rows loaded so far...
2026-06-21 15:27:47,971 [INFO]   1,450,000 rows loaded so far...
2026-06-21 15:27:48,530 [INFO]   1,460,000 rows loaded so far...
2026-06-21 15:27:49,085 [INFO]   1,470,000 rows loaded so far...
2026-06-21 15:27:49,641 [INFO]   1,480,000 rows loaded so far...
2026-06-21 15:27:50,170 [INFO]   1,490,000 rows loaded so far...
2026-06-21 15:27:50,946 [INFO]   1,500,000 rows loaded so far...
2026-06-21 15:27:51,463 [INFO]   1,510,000 rows loaded so far...
2026-06-21 15:27:51,999 [INFO]   1,520,000 rows loaded so far...
2026-06-21 15:27:52,731 [INFO]   1,530,000 rows loaded so far...
2026-06-21 15:27:53,268 [INFO]   1,540,000 rows loaded so far...
2026-06-21 15:27:53,755 [INFO]   1,550,000 rows loaded so far...
2026-06-21 15:27:54,254 [INFO]   1,560,000 rows loaded so far...
2026-06-21 15:27:54,823 [INFO]   1,570,000 rows loaded so far...
2026-06-21 15:27:55,310 [INFO]   1,580,000 rows loaded so far...
2026-06-21 15:27:55,937 [INFO]   1,590,000 rows loaded so far...
2026-06-21 15:27:56,402 [INFO]   1,600,000 rows loaded so far...
2026-06-21 15:27:56,925 [INFO]   1,610,000 rows loaded so far...
2026-06-21 15:27:57,372 [INFO]   1,620,000 rows loaded so far...
2026-06-21 15:27:57,906 [INFO]   1,630,000 rows loaded so far...
2026-06-21 15:27:58,471 [INFO]   1,640,000 rows loaded so far...
2026-06-21 15:27:58,957 [INFO]   1,650,000 rows loaded so far...
2026-06-21 15:27:59,473 [INFO]   1,660,000 rows loaded so far...
2026-06-21 15:27:59,981 [INFO]   1,670,000 rows loaded so far...
2026-06-21 15:28:00,557 [INFO]   1,680,000 rows loaded so far...
2026-06-21 15:28:01,063 [INFO]   1,690,000 rows loaded so far...
2026-06-21 15:28:01,646 [INFO]   1,700,000 rows loaded so far...
2026-06-21 15:28:02,125 [INFO]   1,710,000 rows loaded so far...
2026-06-21 15:28:02,628 [INFO]   1,720,000 rows loaded so far...
2026-06-21 15:28:03,076 [INFO]   1,730,000 rows loaded so far...
2026-06-21 15:28:03,584 [INFO]   1,740,000 rows loaded so far...
2026-06-21 15:28:04,067 [INFO]   1,750,000 rows loaded so far...
2026-06-21 15:28:04,619 [INFO]   1,760,000 rows loaded so far...
2026-06-21 15:28:05,188 [INFO]   1,770,000 rows loaded so far...
2026-06-21 15:28:05,664 [INFO]   1,780,000 rows loaded so far...
2026-06-21 15:28:06,204 [INFO]   1,790,000 rows loaded so far...
2026-06-21 15:28:06,732 [INFO]   1,800,000 rows loaded so far...
2026-06-21 15:28:07,292 [INFO]   1,810,000 rows loaded so far...
2026-06-21 15:28:07,909 [INFO]   1,820,000 rows loaded so far...
2026-06-21 15:28:08,481 [INFO]   1,830,000 rows loaded so far...
2026-06-21 15:28:08,989 [INFO]   1,840,000 rows loaded so far...
2026-06-21 15:28:09,606 [INFO]   1,850,000 rows loaded so far...
2026-06-21 15:28:10,126 [INFO]   1,860,000 rows loaded so far...
2026-06-21 15:28:10,600 [INFO]   1,870,000 rows loaded so far...
2026-06-21 15:28:11,113 [INFO]   1,880,000 rows loaded so far...
2026-06-21 15:28:11,625 [INFO]   1,890,000 rows loaded so far...
2026-06-21 15:28:12,148 [INFO]   1,900,000 rows loaded so far...
2026-06-21 15:28:12,669 [INFO]   1,910,000 rows loaded so far...
2026-06-21 15:28:13,065 [INFO]   1,920,000 rows loaded so far...
2026-06-21 15:28:13,412 [INFO]   1,930,000 rows loaded so far...
2026-06-21 15:28:13,757 [INFO]   1,940,000 rows loaded so far...
2026-06-21 15:28:14,127 [INFO]   1,950,000 rows loaded so far...
2026-06-21 15:28:14,747 [INFO]   1,960,000 rows loaded so far...
2026-06-21 15:28:15,248 [INFO]   1,970,000 rows loaded so far...
2026-06-21 15:28:15,810 [INFO]   1,980,000 rows loaded so far...
2026-06-21 15:28:16,343 [INFO]   1,990,000 rows loaded so far...
2026-06-21 15:28:16,788 [INFO]   2,000,000 rows loaded so far...
2026-06-21 15:28:17,313 [INFO]   2,010,000 rows loaded so far...
2026-06-21 15:28:17,876 [INFO]   2,020,000 rows loaded so far...
2026-06-21 15:28:18,367 [INFO]   2,030,000 rows loaded so far...
2026-06-21 15:28:18,958 [INFO]   2,040,000 rows loaded so far...
2026-06-21 15:28:19,537 [INFO]   2,050,000 rows loaded so far...
2026-06-21 15:28:20,054 [INFO]   2,060,000 rows loaded so far...
2026-06-21 15:28:20,592 [INFO]   2,070,000 rows loaded so far...
2026-06-21 15:28:21,149 [INFO]   2,080,000 rows loaded so far...
2026-06-21 15:28:21,664 [INFO]   2,090,000 rows loaded so far...
2026-06-21 15:28:22,188 [INFO]   2,100,000 rows loaded so far...
2026-06-21 15:28:22,728 [INFO]   2,110,000 rows loaded so far...
2026-06-21 15:28:23,216 [INFO]   2,120,000 rows loaded so far...
2026-06-21 15:28:23,752 [INFO]   2,130,000 rows loaded so far...
2026-06-21 15:28:24,240 [INFO]   2,140,000 rows loaded so far...
2026-06-21 15:28:24,723 [INFO]   2,150,000 rows loaded so far...
2026-06-21 15:28:25,252 [INFO]   2,160,000 rows loaded so far...
2026-06-21 15:28:25,817 [INFO]   2,170,000 rows loaded so far...
2026-06-21 15:28:26,340 [INFO]   2,180,000 rows loaded so far...
2026-06-21 15:28:26,817 [INFO]   2,190,000 rows loaded so far...
2026-06-21 15:28:27,330 [INFO]   2,200,000 rows loaded so far...
2026-06-21 15:28:27,811 [INFO]   2,210,000 rows loaded so far...
2026-06-21 15:28:28,352 [INFO]   2,220,000 rows loaded so far...
2026-06-21 15:28:28,880 [INFO]   2,230,000 rows loaded so far...
2026-06-21 15:28:29,447 [INFO]   2,240,000 rows loaded so far...
2026-06-21 15:28:29,975 [INFO]   2,250,000 rows loaded so far...
2026-06-21 15:28:30,567 [INFO]   2,260,000 rows loaded so far...
2026-06-21 15:28:31,081 [INFO]   2,270,000 rows loaded so far...
2026-06-21 15:28:31,567 [INFO]   2,280,000 rows loaded so far...
2026-06-21 15:28:32,086 [INFO]   2,290,000 rows loaded so far...
2026-06-21 15:28:32,605 [INFO]   2,300,000 rows loaded so far...
2026-06-21 15:28:33,106 [INFO]   2,310,000 rows loaded so far...
2026-06-21 15:28:33,584 [INFO]   2,320,000 rows loaded so far...
2026-06-21 15:28:34,097 [INFO]   2,330,000 rows loaded so far...
2026-06-21 15:28:34,622 [INFO]   2,340,000 rows loaded so far...
2026-06-21 15:28:35,073 [INFO]   2,350,000 rows loaded so far...
2026-06-21 15:28:35,590 [INFO]   2,360,000 rows loaded so far...
2026-06-21 15:28:35,990 [INFO]   2,370,000 rows loaded so far...
2026-06-21 15:28:36,293 [INFO]   2,380,000 rows loaded so far...
2026-06-21 15:28:36,581 [INFO]   2,390,000 rows loaded so far...
2026-06-21 15:28:36,847 [INFO]   2,400,000 rows loaded so far...
2026-06-21 15:28:37,148 [INFO]   2,410,000 rows loaded so far...
2026-06-21 15:28:37,419 [INFO]   2,420,000 rows loaded so far...
2026-06-21 15:28:37,702 [INFO]   2,430,000 rows loaded so far...
2026-06-21 15:28:38,001 [INFO]   2,440,000 rows loaded so far...
2026-06-21 15:28:38,287 [INFO]   2,450,000 rows loaded so far...
2026-06-21 15:28:38,878 [INFO]   2,460,000 rows loaded so far...
2026-06-21 15:28:39,172 [INFO]   2,470,000 rows loaded so far...
2026-06-21 15:28:39,469 [INFO]   2,480,000 rows loaded so far...
2026-06-21 15:28:39,741 [INFO]   2,490,000 rows loaded so far...
2026-06-21 15:28:40,049 [INFO]   2,500,000 rows loaded so far...
2026-06-21 15:28:40,358 [INFO]   2,510,000 rows loaded so far...
2026-06-21 15:28:40,625 [INFO]   2,520,000 rows loaded so far...
2026-06-21 15:28:40,963 [INFO]   2,530,000 rows loaded so far...
2026-06-21 15:28:41,247 [INFO]   2,540,000 rows loaded so far...
2026-06-21 15:28:41,530 [INFO]   2,550,000 rows loaded so far...
2026-06-21 15:28:41,863 [INFO]   2,560,000 rows loaded so far...
2026-06-21 15:28:42,156 [INFO]   2,570,000 rows loaded so far...
2026-06-21 15:28:42,434 [INFO]   2,580,000 rows loaded so far...
2026-06-21 15:28:42,734 [INFO]   2,590,000 rows loaded so far...
2026-06-21 15:28:43,011 [INFO]   2,600,000 rows loaded so far...
2026-06-21 15:28:43,313 [INFO]   2,610,000 rows loaded so far...
2026-06-21 15:28:43,588 [INFO]   2,620,000 rows loaded so far...
2026-06-21 15:28:43,875 [INFO]   2,630,000 rows loaded so far...
2026-06-21 15:28:44,234 [INFO]   2,640,000 rows loaded so far...
2026-06-21 15:28:44,551 [INFO]   2,650,000 rows loaded so far...
2026-06-21 15:28:44,890 [INFO]   2,660,000 rows loaded so far...
2026-06-21 15:28:45,179 [INFO]   2,670,000 rows loaded so far...
2026-06-21 15:28:45,461 [INFO]   2,680,000 rows loaded so far...
2026-06-21 15:28:45,737 [INFO]   2,690,000 rows loaded so far...
2026-06-21 15:28:46,016 [INFO]   2,700,000 rows loaded so far...
2026-06-21 15:28:46,328 [INFO]   2,710,000 rows loaded so far...
2026-06-21 15:28:46,533 [INFO]   2,717,193 rows loaded so far...
2026-06-21 15:28:46,533 [INFO] Load complete. 2,717,193 total rows.
2026-06-21 15:28:46,535 [INFO] Building Tableau views...
2026-06-21 15:28:46,556 [INFO]   View ready: daily_revenue
2026-06-21 15:28:46,570 [INFO]   View ready: hourly_patterns
2026-06-21 15:28:46,584 [INFO]   View ready: zone_summary
2026-06-21 15:28:46,596 [INFO]   View ready: payment_split
2026-06-21 15:28:46,617 [INFO]   View ready: anomalies
2026-06-21 15:28:46,618 [INFO] All views created.
2026-06-21 15:28:46,620 [INFO] Pipeline finished in 117.9s. MySQL is ready for Tableau.
2026-07-06 13:18:43,978 [INFO] Pipeline initialised.
2026-07-06 13:18:43,978 [INFO] Starting pipeline. mode=full, month=2024-01
2026-07-06 13:18:43,978 [INFO] Downloading: https://d37ci6vzurychx.cloudfront.net/trip-data/yellow_tripdata_2024-01.parquet
2026-07-06 13:18:52,871 [INFO] Extracted 2,717,193 rows.
2026-07-06 13:18:52,871 [INFO] Transforming...
2026-07-06 13:18:53,150 [INFO] Transform done. 2,717,193 in, 2,717,193 out.
2026-07-06 13:18:53,616 [INFO] Connected to MySQL.
2026-07-06 13:18:53,616 [INFO] Creating schema...
2026-07-06 13:18:53,669 [INFO] Schema ready.
2026-07-06 13:18:53,670 [INFO] Full mode: truncating trips table...
2026-07-06 13:18:53,766 [INFO] Loading 2,717,193 rows in batches of 10000...
2026-07-06 13:18:54,544 [INFO]   10,000 rows loaded so far...
2026-07-06 13:18:54,847 [INFO]   20,000 rows loaded so far...
2026-07-06 13:18:55,134 [INFO]   30,000 rows loaded so far...
2026-07-06 13:18:55,424 [INFO]   40,000 rows loaded so far...
2026-07-06 13:18:55,692 [INFO]   50,000 rows loaded so far...
2026-07-06 13:18:55,955 [INFO]   60,000 rows loaded so far...
2026-07-06 13:18:56,233 [INFO]   70,000 rows loaded so far...
2026-07-06 13:18:56,513 [INFO]   80,000 rows loaded so far...
2026-07-06 13:18:56,797 [INFO]   90,000 rows loaded so far...
2026-07-06 13:18:57,058 [INFO]   100,000 rows loaded so far...
2026-07-06 13:18:57,347 [INFO]   110,000 rows loaded so far...
2026-07-06 13:18:57,621 [INFO]   120,000 rows loaded so far...
2026-07-06 13:18:57,925 [INFO]   130,000 rows loaded so far...
2026-07-06 13:18:58,218 [INFO]   140,000 rows loaded so far...
2026-07-06 13:18:58,697 [INFO]   150,000 rows loaded so far...
2026-07-06 13:18:59,216 [INFO]   160,000 rows loaded so far...
2026-07-06 13:18:59,749 [INFO]   170,000 rows loaded so far...
2026-07-06 13:19:00,322 [INFO]   180,000 rows loaded so far...
2026-07-06 13:19:00,828 [INFO]   190,000 rows loaded so far...
2026-07-06 13:19:01,484 [INFO]   200,000 rows loaded so far...
2026-07-06 13:19:02,058 [INFO]   210,000 rows loaded so far...
2026-07-06 13:19:02,561 [INFO]   220,000 rows loaded so far...
2026-07-06 13:19:03,137 [INFO]   230,000 rows loaded so far...
2026-07-06 13:19:03,721 [INFO]   240,000 rows loaded so far...
2026-07-06 13:19:04,221 [INFO]   250,000 rows loaded so far...
2026-07-06 13:19:04,713 [INFO]   260,000 rows loaded so far...
2026-07-06 13:19:05,266 [INFO]   270,000 rows loaded so far...
2026-07-06 13:19:05,826 [INFO]   280,000 rows loaded so far...
2026-07-06 13:19:06,404 [INFO]   290,000 rows loaded so far...
2026-07-06 13:19:07,069 [INFO]   300,000 rows loaded so far...
2026-07-06 13:19:07,627 [INFO]   310,000 rows loaded so far...
2026-07-06 13:19:08,437 [INFO]   320,000 rows loaded so far...
2026-07-06 13:19:08,950 [INFO]   330,000 rows loaded so far...
2026-07-06 13:19:09,510 [INFO]   340,000 rows loaded so far...
2026-07-06 13:19:10,045 [INFO]   350,000 rows loaded so far...
2026-07-06 13:19:10,641 [INFO]   360,000 rows loaded so far...
2026-07-06 13:19:11,200 [INFO]   370,000 rows loaded so far...
2026-07-06 13:19:11,720 [INFO]   380,000 rows loaded so far...
2026-07-06 13:19:12,305 [INFO]   390,000 rows loaded so far...
2026-07-06 13:19:12,831 [INFO]   400,000 rows loaded so far...
2026-07-06 13:19:13,345 [INFO]   410,000 rows loaded so far...
2026-07-06 13:19:13,965 [INFO]   420,000 rows loaded so far...
2026-07-06 13:19:14,697 [INFO]   430,000 rows loaded so far...
2026-07-06 13:19:15,214 [INFO]   440,000 rows loaded so far...
2026-07-06 13:19:15,747 [INFO]   450,000 rows loaded so far...
2026-07-06 13:19:16,544 [INFO]   460,000 rows loaded so far...
2026-07-06 13:19:17,300 [INFO]   470,000 rows loaded so far...
2026-07-06 13:19:18,016 [INFO]   480,000 rows loaded so far...
2026-07-06 13:19:18,644 [INFO]   490,000 rows loaded so far...
2026-07-06 13:19:19,385 [INFO]   500,000 rows loaded so far...
2026-07-06 13:19:20,188 [INFO]   510,000 rows loaded so far...
2026-07-06 13:19:20,934 [INFO]   520,000 rows loaded so far...
2026-07-06 13:19:21,646 [INFO]   530,000 rows loaded so far...
2026-07-06 13:19:22,372 [INFO]   540,000 rows loaded so far...
2026-07-06 13:19:23,009 [INFO]   550,000 rows loaded so far...
2026-07-06 13:19:24,135 [INFO]   560,000 rows loaded so far...
2026-07-06 13:19:25,445 [INFO]   570,000 rows loaded so far...
2026-07-06 13:19:26,978 [INFO]   580,000 rows loaded so far...
2026-07-06 13:19:29,005 [INFO]   590,000 rows loaded so far...
2026-07-06 13:19:30,207 [INFO]   600,000 rows loaded so far...
2026-07-06 13:19:31,456 [INFO]   610,000 rows loaded so far...
2026-07-06 13:19:31,961 [INFO]   620,000 rows loaded so far...
2026-07-06 13:19:32,522 [INFO]   630,000 rows loaded so far...
2026-07-06 13:19:33,047 [INFO]   640,000 rows loaded so far...
2026-07-06 13:19:33,558 [INFO]   650,000 rows loaded so far...
2026-07-06 13:19:34,197 [INFO]   660,000 rows loaded so far...
2026-07-06 13:19:34,729 [INFO]   670,000 rows loaded so far...
2026-07-06 13:19:35,221 [INFO]   680,000 rows loaded so far...
2026-07-06 13:19:35,834 [INFO]   690,000 rows loaded so far...
2026-07-06 13:19:36,432 [INFO]   700,000 rows loaded so far...
2026-07-06 13:19:36,982 [INFO]   710,000 rows loaded so far...
2026-07-06 13:19:37,483 [INFO]   720,000 rows loaded so far...
2026-07-06 13:19:38,003 [INFO]   730,000 rows loaded so far...
2026-07-06 13:19:38,529 [INFO]   740,000 rows loaded so far...
2026-07-06 13:19:39,043 [INFO]   750,000 rows loaded so far...
2026-07-06 13:19:39,575 [INFO]   760,000 rows loaded so far...
2026-07-06 13:19:40,092 [INFO]   770,000 rows loaded so far...
2026-07-06 13:19:40,604 [INFO]   780,000 rows loaded so far...
2026-07-06 13:19:41,114 [INFO]   790,000 rows loaded so far...
2026-07-06 13:19:41,708 [INFO]   800,000 rows loaded so far...
2026-07-06 13:19:42,192 [INFO]   810,000 rows loaded so far...
2026-07-06 13:19:42,793 [INFO]   820,000 rows loaded so far...
2026-07-06 13:19:43,332 [INFO]   830,000 rows loaded so far...
2026-07-06 13:19:43,882 [INFO]   840,000 rows loaded so far...
2026-07-06 13:19:44,447 [INFO]   850,000 rows loaded so far...
2026-07-06 13:19:45,030 [INFO]   860,000 rows loaded so far...
2026-07-06 13:19:45,518 [INFO]   870,000 rows loaded so far...
2026-07-06 13:19:46,002 [INFO]   880,000 rows loaded so far...
2026-07-06 13:19:46,491 [INFO]   890,000 rows loaded so far...
2026-07-06 13:19:46,994 [INFO]   900,000 rows loaded so far...
2026-07-06 13:19:47,497 [INFO]   910,000 rows loaded so far...
2026-07-06 13:19:48,022 [INFO]   920,000 rows loaded so far...
2026-07-06 13:19:48,571 [INFO]   930,000 rows loaded so far...
2026-07-06 13:19:49,122 [INFO]   940,000 rows loaded so far...
2026-07-06 13:19:49,869 [INFO]   950,000 rows loaded so far...
2026-07-06 13:19:50,403 [INFO]   960,000 rows loaded so far...
2026-07-06 13:19:50,880 [INFO]   970,000 rows loaded so far...
2026-07-06 13:19:51,339 [INFO]   980,000 rows loaded so far...
2026-07-06 13:19:51,888 [INFO]   990,000 rows loaded so far...
2026-07-06 13:19:52,453 [INFO]   1,000,000 rows loaded so far...
2026-07-06 13:19:52,876 [INFO]   1,010,000 rows loaded so far...
2026-07-06 13:19:53,459 [INFO]   1,020,000 rows loaded so far...
2026-07-06 13:19:53,967 [INFO]   1,030,000 rows loaded so far...
2026-07-06 13:19:54,531 [INFO]   1,040,000 rows loaded so far...
2026-07-06 13:19:55,048 [INFO]   1,050,000 rows loaded so far...
2026-07-06 13:19:55,548 [INFO]   1,060,000 rows loaded so far...
2026-07-06 13:19:56,050 [INFO]   1,070,000 rows loaded so far...
2026-07-06 13:19:56,576 [INFO]   1,080,000 rows loaded so far...
2026-07-06 13:19:57,035 [INFO]   1,090,000 rows loaded so far...
2026-07-06 13:19:57,528 [INFO]   1,100,000 rows loaded so far...
2026-07-06 13:19:58,043 [INFO]   1,110,000 rows loaded so far...
2026-07-06 13:19:58,725 [INFO]   1,120,000 rows loaded so far...
2026-07-06 13:19:59,256 [INFO]   1,130,000 rows loaded so far...
2026-07-06 13:19:59,838 [INFO]   1,140,000 rows loaded so far...
2026-07-06 13:20:00,417 [INFO]   1,150,000 rows loaded so far...
2026-07-06 13:20:00,914 [INFO]   1,160,000 rows loaded so far...
2026-07-06 13:20:01,481 [INFO]   1,170,000 rows loaded so far...
2026-07-06 13:20:01,993 [INFO]   1,180,000 rows loaded so far...
2026-07-06 13:20:02,493 [INFO]   1,190,000 rows loaded so far...
2026-07-06 13:20:02,968 [INFO]   1,200,000 rows loaded so far...
2026-07-06 13:20:03,456 [INFO]   1,210,000 rows loaded so far...
2026-07-06 13:20:04,065 [INFO]   1,220,000 rows loaded so far...
2026-07-06 13:20:04,576 [INFO]   1,230,000 rows loaded so far...
2026-07-06 13:20:05,105 [INFO]   1,240,000 rows loaded so far...
2026-07-06 13:20:05,668 [INFO]   1,250,000 rows loaded so far...
2026-07-06 13:20:06,163 [INFO]   1,260,000 rows loaded so far...
2026-07-06 13:20:06,704 [INFO]   1,270,000 rows loaded so far...
2026-07-06 13:20:07,202 [INFO]   1,280,000 rows loaded so far...
2026-07-06 13:20:07,780 [INFO]   1,290,000 rows loaded so far...
2026-07-06 13:20:08,299 [INFO]   1,300,000 rows loaded so far...
2026-07-06 13:20:08,857 [INFO]   1,310,000 rows loaded so far...
2026-07-06 13:20:09,459 [INFO]   1,320,000 rows loaded so far...
2026-07-06 13:20:10,028 [INFO]   1,330,000 rows loaded so far...
2026-07-06 13:20:10,597 [INFO]   1,340,000 rows loaded so far...
2026-07-06 13:20:11,143 [INFO]   1,350,000 rows loaded so far...
2026-07-06 13:20:11,689 [INFO]   1,360,000 rows loaded so far...
2026-07-06 13:20:12,239 [INFO]   1,370,000 rows loaded so far...
2026-07-06 13:20:12,821 [INFO]   1,380,000 rows loaded so far...
2026-07-06 13:20:13,411 [INFO]   1,390,000 rows loaded so far...
2026-07-06 13:20:13,941 [INFO]   1,400,000 rows loaded so far...
2026-07-06 13:20:14,482 [INFO]   1,410,000 rows loaded so far...
2026-07-06 13:20:15,023 [INFO]   1,420,000 rows loaded so far...
2026-07-06 13:20:15,512 [INFO]   1,430,000 rows loaded so far...
2026-07-06 13:20:16,074 [INFO]   1,440,000 rows loaded so far...
2026-07-06 13:20:16,601 [INFO]   1,450,000 rows loaded so far...
2026-07-06 13:20:17,160 [INFO]   1,460,000 rows loaded so far...
2026-07-06 13:20:17,902 [INFO]   1,470,000 rows loaded so far...
2026-07-06 13:20:18,494 [INFO]   1,480,000 rows loaded so far...
2026-07-06 13:20:19,037 [INFO]   1,490,000 rows loaded so far...
2026-07-06 13:20:19,599 [INFO]   1,500,000 rows loaded so far...
2026-07-06 13:20:20,161 [INFO]   1,510,000 rows loaded so far...
2026-07-06 13:20:20,673 [INFO]   1,520,000 rows loaded so far...
2026-07-06 13:20:21,236 [INFO]   1,530,000 rows loaded so far...
2026-07-06 13:20:21,801 [INFO]   1,540,000 rows loaded so far...
2026-07-06 13:20:22,357 [INFO]   1,550,000 rows loaded so far...
2026-07-06 13:20:22,894 [INFO]   1,560,000 rows loaded so far...
2026-07-06 13:20:23,461 [INFO]   1,570,000 rows loaded so far...
2026-07-06 13:20:23,972 [INFO]   1,580,000 rows loaded so far...
2026-07-06 13:20:24,473 [INFO]   1,590,000 rows loaded so far...
2026-07-06 13:20:25,012 [INFO]   1,600,000 rows loaded so far...
2026-07-06 13:20:25,580 [INFO]   1,610,000 rows loaded so far...
2026-07-06 13:20:26,153 [INFO]   1,620,000 rows loaded so far...
2026-07-06 13:20:26,815 [INFO]   1,630,000 rows loaded so far...
2026-07-06 13:20:27,346 [INFO]   1,640,000 rows loaded so far...
2026-07-06 13:20:27,919 [INFO]   1,650,000 rows loaded so far...
2026-07-06 13:20:28,514 [INFO]   1,660,000 rows loaded so far...
2026-07-06 13:20:29,130 [INFO]   1,670,000 rows loaded so far...
2026-07-06 13:20:29,749 [INFO]   1,680,000 rows loaded so far...
2026-07-06 13:20:30,358 [INFO]   1,690,000 rows loaded so far...
2026-07-06 13:20:30,999 [INFO]   1,700,000 rows loaded so far...
2026-07-06 13:20:31,603 [INFO]   1,710,000 rows loaded so far...
2026-07-06 13:20:32,257 [INFO]   1,720,000 rows loaded so far...
2026-07-06 13:20:32,818 [INFO]   1,730,000 rows loaded so far...
2026-07-06 13:20:33,419 [INFO]   1,740,000 rows loaded so far...
2026-07-06 13:20:34,051 [INFO]   1,750,000 rows loaded so far...
2026-07-06 13:20:34,660 [INFO]   1,760,000 rows loaded so far...
2026-07-06 13:20:35,279 [INFO]   1,770,000 rows loaded so far...
2026-07-06 13:20:35,902 [INFO]   1,780,000 rows loaded so far...
2026-07-06 13:20:36,448 [INFO]   1,790,000 rows loaded so far...
2026-07-06 13:20:36,971 [INFO]   1,800,000 rows loaded so far...
2026-07-06 13:20:37,594 [INFO]   1,810,000 rows loaded so far...
2026-07-06 13:20:38,160 [INFO]   1,820,000 rows loaded so far...
2026-07-06 13:20:38,715 [INFO]   1,830,000 rows loaded so far...
2026-07-06 13:20:39,264 [INFO]   1,840,000 rows loaded so far...
2026-07-06 13:20:39,878 [INFO]   1,850,000 rows loaded so far...
2026-07-06 13:20:40,514 [INFO]   1,860,000 rows loaded so far...
2026-07-06 13:20:41,073 [INFO]   1,870,000 rows loaded so far...
2026-07-06 13:20:41,611 [INFO]   1,880,000 rows loaded so far...
2026-07-06 13:20:42,230 [INFO]   1,890,000 rows loaded so far...
2026-07-06 13:20:42,888 [INFO]   1,900,000 rows loaded so far...
2026-07-06 13:20:43,418 [INFO]   1,910,000 rows loaded so far...
2026-07-06 13:20:44,006 [INFO]   1,920,000 rows loaded so far...
2026-07-06 13:20:44,597 [INFO]   1,930,000 rows loaded so far...
2026-07-06 13:20:45,191 [INFO]   1,940,000 rows loaded so far...
2026-07-06 13:20:45,757 [INFO]   1,950,000 rows loaded so far...
2026-07-06 13:20:46,285 [INFO]   1,960,000 rows loaded so far...
2026-07-06 13:20:46,962 [INFO]   1,970,000 rows loaded so far...
2026-07-06 13:20:47,779 [INFO]   1,980,000 rows loaded so far...
2026-07-06 13:20:48,434 [INFO]   1,990,000 rows loaded so far...
2026-07-06 13:20:49,179 [INFO]   2,000,000 rows loaded so far...
2026-07-06 13:20:49,752 [INFO]   2,010,000 rows loaded so far...
2026-07-06 13:20:50,351 [INFO]   2,020,000 rows loaded so far...
2026-07-06 13:20:51,023 [INFO]   2,030,000 rows loaded so far...
2026-07-06 13:20:51,703 [INFO]   2,040,000 rows loaded so far...
2026-07-06 13:20:52,282 [INFO]   2,050,000 rows loaded so far...
2026-07-06 13:20:52,892 [INFO]   2,060,000 rows loaded so far...
2026-07-06 13:20:53,477 [INFO]   2,070,000 rows loaded so far...
2026-07-06 13:20:54,102 [INFO]   2,080,000 rows loaded so far...
2026-07-06 13:20:54,568 [INFO]   2,090,000 rows loaded so far...
2026-07-06 13:20:54,910 [INFO]   2,100,000 rows loaded so far...
2026-07-06 13:20:55,199 [INFO]   2,110,000 rows loaded so far...
2026-07-06 13:20:55,508 [INFO]   2,120,000 rows loaded so far...
2026-07-06 13:20:55,846 [INFO]   2,130,000 rows loaded so far...
2026-07-06 13:20:56,164 [INFO]   2,140,000 rows loaded so far...
2026-07-06 13:20:56,478 [INFO]   2,150,000 rows loaded so far...
2026-07-06 13:20:56,983 [INFO]   2,160,000 rows loaded so far...
2026-07-06 13:20:57,492 [INFO]   2,170,000 rows loaded so far...
2026-07-06 13:20:58,032 [INFO]   2,180,000 rows loaded so far...
2026-07-06 13:20:58,832 [INFO]   2,190,000 rows loaded so far...
2026-07-06 13:20:59,402 [INFO]   2,200,000 rows loaded so far...
2026-07-06 13:20:59,872 [INFO]   2,210,000 rows loaded so far...
2026-07-06 13:21:00,411 [INFO]   2,220,000 rows loaded so far...
2026-07-06 13:21:00,984 [INFO]   2,230,000 rows loaded so far...
2026-07-06 13:21:01,616 [INFO]   2,240,000 rows loaded so far...
2026-07-06 13:21:02,085 [INFO]   2,250,000 rows loaded so far...
2026-07-06 13:21:02,665 [INFO]   2,260,000 rows loaded so far...
2026-07-06 13:21:03,136 [INFO]   2,270,000 rows loaded so far...
2026-07-06 13:21:03,649 [INFO]   2,280,000 rows loaded so far...
2026-07-06 13:21:04,147 [INFO]   2,290,000 rows loaded so far...
2026-07-06 13:21:04,640 [INFO]   2,300,000 rows loaded so far...
2026-07-06 13:21:05,148 [INFO]   2,310,000 rows loaded so far...
2026-07-06 13:21:05,670 [INFO]   2,320,000 rows loaded so far...
2026-07-06 13:21:06,316 [INFO]   2,330,000 rows loaded so far...
2026-07-06 13:21:06,896 [INFO]   2,340,000 rows loaded so far...
2026-07-06 13:21:07,461 [INFO]   2,350,000 rows loaded so far...
2026-07-06 13:21:08,029 [INFO]   2,360,000 rows loaded so far...
2026-07-06 13:21:08,579 [INFO]   2,370,000 rows loaded so far...
2026-07-06 13:21:09,192 [INFO]   2,380,000 rows loaded so far...
2026-07-06 13:21:09,725 [INFO]   2,390,000 rows loaded so far...
2026-07-06 13:21:10,221 [INFO]   2,400,000 rows loaded so far...
2026-07-06 13:21:10,865 [INFO]   2,410,000 rows loaded so far...
2026-07-06 13:21:11,392 [INFO]   2,420,000 rows loaded so far...
2026-07-06 13:21:11,924 [INFO]   2,430,000 rows loaded so far...
2026-07-06 13:21:12,412 [INFO]   2,440,000 rows loaded so far...
2026-07-06 13:21:12,912 [INFO]   2,450,000 rows loaded so far...
2026-07-06 13:21:13,405 [INFO]   2,460,000 rows loaded so far...
2026-07-06 13:21:14,017 [INFO]   2,470,000 rows loaded so far...
2026-07-06 13:21:14,571 [INFO]   2,480,000 rows loaded so far...
2026-07-06 13:21:15,068 [INFO]   2,490,000 rows loaded so far...
2026-07-06 13:21:15,848 [INFO]   2,500,000 rows loaded so far...
2026-07-06 13:21:16,442 [INFO]   2,510,000 rows loaded so far...
2026-07-06 13:21:16,971 [INFO]   2,520,000 rows loaded so far...
2026-07-06 13:21:17,555 [INFO]   2,530,000 rows loaded so far...
2026-07-06 13:21:18,086 [INFO]   2,540,000 rows loaded so far...
2026-07-06 13:21:18,611 [INFO]   2,550,000 rows loaded so far...
2026-07-06 13:21:19,181 [INFO]   2,560,000 rows loaded so far...
2026-07-06 13:21:19,778 [INFO]   2,570,000 rows loaded so far...
2026-07-06 13:21:20,287 [INFO]   2,580,000 rows loaded so far...
2026-07-06 13:21:20,934 [INFO]   2,590,000 rows loaded so far...
2026-07-06 13:21:21,438 [INFO]   2,600,000 rows loaded so far...
2026-07-06 13:21:22,041 [INFO]   2,610,000 rows loaded so far...
2026-07-06 13:21:22,594 [INFO]   2,620,000 rows loaded so far...
2026-07-06 13:21:23,083 [INFO]   2,630,000 rows loaded so far...
2026-07-06 13:21:23,640 [INFO]   2,640,000 rows loaded so far...
2026-07-06 13:21:24,126 [INFO]   2,650,000 rows loaded so far...
2026-07-06 13:21:24,812 [INFO]   2,660,000 rows loaded so far...
2026-07-06 13:21:25,373 [INFO]   2,670,000 rows loaded so far...
2026-07-06 13:21:25,984 [INFO]   2,680,000 rows loaded so far...
2026-07-06 13:21:26,548 [INFO]   2,690,000 rows loaded so far...
2026-07-06 13:21:27,124 [INFO]   2,700,000 rows loaded so far...
2026-07-06 13:21:27,805 [INFO]   2,710,000 rows loaded so far...
2026-07-06 13:21:28,187 [INFO]   2,717,193 rows loaded so far...
2026-07-06 13:21:28,187 [INFO] Load complete. 2,717,193 total rows.
2026-07-06 13:21:28,189 [INFO] Building Tableau views...
2026-07-06 13:21:28,217 [INFO]   View ready: daily_revenue
2026-07-06 13:21:28,237 [INFO]   View ready: hourly_patterns
2026-07-06 13:21:28,270 [INFO]   View ready: zone_summary
2026-07-06 13:21:28,288 [INFO]   View ready: payment_split
2026-07-06 13:21:28,383 [INFO]   View ready: anomalies
2026-07-06 13:21:28,384 [INFO] All views created.
2026-07-06 13:21:28,394 [INFO] Pipeline finished in 164.4s. MySQL is ready for Tableau.
